******************************************************************************
                  TI ARM Linker PC v20.2.1                     
******************************************************************************
>> Linked Thu Dec 31 10:01:22 2020

OUTPUT FILE NAME:   <simple_peripheral_CC26X2R1_LAUNCHXL_tirtos_ccs.out>
ENTRY POINT SYMBOL: "ResetISR"  address: 00012081


MEMORY CONFIGURATION

         name            origin    length      used     unused   attr    fill
----------------------  --------  ---------  --------  --------  ----  --------
  FLASH                 00000000   00056000  0001d9ce  00038632  R  X
  FLASH_LAST_PAGE       00056000   00002000  00000058  00001fa8  R  X
  RTOS_SRAM             20000000   0000012c  000000e4  00000048  RW X
  SRAM                  20000fdf   00013021  00002a76  000105ab  RW X


SEGMENT ALLOCATION MAP

run origin  load origin   length   init length attrs members
----------  ----------- ---------- ----------- ----- -------
00000000    00000000    000199d0   000199d0    r-x
  00000000    00000000    0000003c   0000003c    r-- .resetVecs
  0000003c    0000003c    00017264   00017264    r-x .text
  000172a0    000172a0    00001fee   00001fee    r-- .const
  00019290    00019290    00000138   00000138    r-- .rodata
  000193c8    000193c8    00000608   00000608    r-- .cinit
00048000    00048000    00004000   00000000    rw-
  00048000    00048000    00004000   00000000    rw- .TI.bound:flashBuf0
00057fa8    00057fa8    00000058   00000058    r--
  00057fa8    00057fa8    00000058   00000058    r-- .ccfg
20000100    20000100    0000000c   00000000    rw-
  20000100    20000100    00000004   00000000    rw- .data:xdcRomConstPtr
  20000104    20000104    00000004   00000000    rw- .data:xdcRomExternFuncPtr
  20000108    20000108    00000004   00000000    rw- .data:xdcRomStatePtr
20000fe0    20000fe0    00002676   00000000    rw-
  20000fe0    20000fe0    0000144b   00000000    rw- .data
  20002430    20002430    00001226   00000000    rw- .bss
20013c00    20013c00    00000400   00000000    rw-
  20013c00    20013c00    00000400   00000000    rw- .stack


SECTION ALLOCATION MAP

 output                                  attributes/
section   page    origin      length       input sections
--------  ----  ----------  ----------   ----------------
.cinit     0    000193c8    00000608     
                  000193c8    000005af     (.cinit..data.load) [load image, compression = lzss]
                  00019977    00000001     --HOLE-- [fill = 0]
                  00019978    0000000c     (__TI_handler_table)
                  00019984    00000004     --HOLE-- [fill = 0]
                  00019988    00000008     (.cinit..bss.load) [load image, compression = zero_init]
                  00019990    00000008     (.cinit..data:xdcRomConstPtr.load) [load image, compression = lzss]
                  00019998    00000008     (.cinit..data:xdcRomExternFuncPtr.load) [load image, compression = lzss]
                  000199a0    00000008     (.cinit..data:xdcRomStatePtr.load) [load image, compression = lzss]
                  000199a8    00000028     (__TI_cinit_table)

.init_array 
*          0    00000000    00000000     UNINITIALIZED

.ccfg      0    00057fa8    00000058     
                  00057fa8    00000058     ti_devices_config.obj (.ccfg:retain)

.data:xdcRomConstPtr 
*          0    20000100    00000004     UNINITIALIZED
                  20000100    00000004     simple_peripheral_app_pem4f.oem4f (.data:xdcRomConstPtr)

.data:xdcRomExternFuncPtr 
*          0    20000104    00000004     UNINITIALIZED
                  20000104    00000004     simple_peripheral_app_pem4f.oem4f (.data:xdcRomExternFuncPtr)

.data:xdcRomStatePtr 
*          0    20000108    00000004     UNINITIALIZED
                  20000108    00000004     simple_peripheral_app_pem4f.oem4f (.data:xdcRomStatePtr)

.data      0    20000fe0    0000144b     UNINITIALIZED
                  20000fe0    000005a8     simple_peripheral.obj (.data:$O3$$)
                  20001588    000001d4     devinfoservice.obj (.data:$O11$$)
                  2000175c    00000170     drivers_cc26x2.a : PowerCC26X2.oem4f (.data:PowerCC26X2_module)
                  200018cc    00000124     simple_gatt_profile.obj (.data:$O13$$)
                  200019f0    0000010c     simple_peripheral_app_pem4f.oem4f (.data:ROM_stateStruct)
                  20001afc    000000f4     StackWrapper.a : gapbondmgr.o (.data)
                  20001bf0    000000b0     OneLib.a : gapgattserver.o (.data)
                  20001ca0    0000009c     icall.obj (.data:$O14$$)
                  20001d3c    00000090     ti_ble_config.obj (.data:$O1$$)
                  20001dcc    00000060     nvocmp.obj (.data:$O6$$)
                  20001e2c    00000060     OneLib.a : ll_config.o (.data)
                  20001e8c    00000054     ti_radio_config.obj (.data:pOverrides_bleCommon)
                  20001ee0    00000050     ti_radio_config.obj (.data:txPowerTable_2400_pa5)
                  20001f30    0000004c     simple_peripheral_app_pem4f.oem4f (.data:ti_sysbios_knl_Task_Object__table__V)
                  20001f7c    00000048     board_key.obj (.data:$O2$$)
                  20001fc4    00000004     OneLib.a : ll_slave_end_causes.o (.data)
                  20001fc8    00000048     simple_peripheral_app_pem4f.oem4f (.data:ti_sysbios_family_arm_cc26xx_Timer_Object__table__V)
                  20002010    00000040     OneLib.a : gattservapp.o (.data)
                  20002050    00000040     ble_user_config.obj (.data:eccParams_NISTP256)
                  20002090    0000003c     icall_user_config.obj (.data:nvintfFncStruct)
                  200020cc    00000038     simple_peripheral_app_pem4f.oem4f (.data:ti_sysbios_gates_GateMutex_Object__table__V)
                  20002104    00000030     simple_peripheral_app_pem4f.oem4f (.data:ti_sysbios_knl_Swi_Module_State_0_readyQ__A)
                  20002134    00000030     simple_peripheral_app_pem4f.oem4f (.data:ti_sysbios_knl_Swi_Object__table__V)
                  20002164    00000030     simple_peripheral_app_pem4f.oem4f (.data:ti_sysbios_knl_Task_Module_State_0_readyQ__A)
                  20002194    00000024     driverlib.lib : osc.obj (.data:$O20$$)
                  200021b8    00000020     drivers_cc26x2.a : TRNGCC26XX.oem4f (.data:entropyPoolBuffer)
                  200021d8    00000020     simple_peripheral_app_pem4f.oem4f (.data:ti_sysbios_knl_Clock_Object__table__V)
                  200021f8    00000020     simple_peripheral_app_pem4f.oem4f (.data:xdc_runtime_Error_IgnoreBlock)
                  20002218    00000018     simple_peripheral_app_pem4f.oem4f (.data:ti_sysbios_family_arm_m3_Hwi_Object__table__V)
                  20002230    00000014     two_btn_menu.obj (.data:$O5$$)
                  20002244    00000011     simple_gatt_profile.obj (.data:simpleProfileChar1UserDesp$19)
                  20002255    00000011     simple_gatt_profile.obj (.data:simpleProfileChar2UserDesp$19)
                  20002266    00000011     simple_gatt_profile.obj (.data:simpleProfileChar3UserDesp$19)
                  20002277    00000011     simple_gatt_profile.obj (.data:simpleProfileChar4UserDesp$19)
                  20002288    00000011     simple_gatt_profile.obj (.data:simpleProfileChar5UserDesp$19)
                  20002299    00000001     OneLib.a : gapgattserver.o (.data)
                  2000229a    00000002              : ll_config.o (.data)
                  2000229c    00000010              : gattservapp.o (.data)
                  200022ac    00000010              : ll.o (.data)
                  200022bc    00000010              : ll_data.o (.data)
                  200022cc    00000010     StackWrapper.a : osal.o (.data)
                  200022dc    00000010     icall_user_config.obj (.data:bleAppServiceInfoTable)
                  200022ec    00000010     ti_radio_config.obj (.data:pOverrides_ble2Mbps)
                  200022fc    00000010     ti_radio_config.obj (.data:pOverrides_bleCoded)
                  2000230c    00000010     main.obj (.data:user0Cfg)
                  2000231c    0000000c     ti_radio_config.obj (.data:pOverrides_ble1Mbps)
                  20002328    0000000c     simple_peripheral_app_pem4f.oem4f (.data:ti_sysbios_heaps_HeapCallback_Object__table__V)
                  20002334    00000009     devinfoservice.obj (.data)
                  2000233d    00000001     OneLib.a : gapgattserver.o (.data)
                  2000233e    00000002     StackWrapper.a : osal_cbtimer.o (.data)
                  20002340    00000008     icall_cc2650.obj (.data:$O16$$)
                  20002348    00000008     ble_user_config.obj (.data:$O17$$)
                  20002350    00000008     icall_api_lite.obj (.data:$O18$$)
                  20002358    00000008     rtsv7M4_T_le_v4SPD16_eabi.lib : _lock.c.obj (.data:$O23$$)
                  20002360    00000008     OneLib.a : gapgattserver.o (.data)
                  20002368    00000008     drivers_cc26x2.a : PINCC26XX.oem4f (.data)
                  20002370    00000008     icall_api_lite.obj (.data)
                  20002378    00000008     drivers_cc26x2.a : TRNGCC26XX.oem4f (.data:jobList)
                  20002380    00000008     simple_peripheral_app_pem4f.oem4f (.data:ti_sysbios_family_arm_m3_Hwi_Module__root__V)
                  20002388    00000008     simple_peripheral_app_pem4f.oem4f (.data:ti_sysbios_gates_GateHwi_Module__root__V)
                  20002390    00000008     simple_peripheral_app_pem4f.oem4f (.data:ti_sysbios_gates_GateMutexPri_Module__root__V)
                  20002398    00000008     simple_peripheral_app_pem4f.oem4f (.data:ti_sysbios_gates_GateMutex_Module__root__V)
                  200023a0    00000008     simple_peripheral_app_pem4f.oem4f (.data:ti_sysbios_hal_Hwi_Module__root__V)
                  200023a8    00000008     simple_peripheral_app_pem4f.oem4f (.data:ti_sysbios_heaps_HeapCallback_Module__root__V)
                  200023b0    00000008     simple_peripheral_app_pem4f.oem4f (.data:ti_sysbios_heaps_HeapMem_Module__root__V)
                  200023b8    00000008     simple_peripheral_app_pem4f.oem4f (.data:ti_sysbios_knl_Clock_Module__root__V)
                  200023c0    00000008     simple_peripheral_app_pem4f.oem4f (.data:ti_sysbios_knl_Event_Module__root__V)
                  200023c8    00000008     simple_peripheral_app_pem4f.oem4f (.data:ti_sysbios_knl_Mailbox_Module__root__V)
                  200023d0    00000008     simple_peripheral_app_pem4f.oem4f (.data:ti_sysbios_knl_Queue_Module__root__V)
                  200023d8    00000008     simple_peripheral_app_pem4f.oem4f (.data:ti_sysbios_knl_Semaphore_Module__root__V)
                  200023e0    00000008     simple_peripheral_app_pem4f.oem4f (.data:ti_sysbios_knl_Swi_Module__root__V)
                  200023e8    00000008     simple_peripheral_app_pem4f.oem4f (.data:ti_sysbios_knl_Task_Module__root__V)
                  200023f0    00000005     simple_gatt_profile.obj (.data)
                  200023f5    00000002     drivers_cc26x2.a : CryptoResourceCC26XX.oem4f (.data)
                  200023f7    00000001     OneLib.a : gapgattserver.o (.data)
                  200023f8    00000004     StackWrapper.a : hal_assert.o (.data)
                  200023fc    00000004     ble_user_config_stack.obj (.data)
                  20002400    00000004     rtsv7M4_T_le_v4SPD16_eabi.lib : stkdepth_vars.c.obj (.data)
                  20002404    00000004     simple_peripheral_app_pem4f.oem4f (.data:ti_sysbios_family_arm_m3_Hwi_Module_State_0_excContext__A)
                  20002408    00000004     simple_peripheral_app_pem4f.oem4f (.data:ti_sysbios_family_arm_m3_Hwi_Module_State_0_excStack__A)
                  2000240c    00000004     simple_peripheral_app_pem4f.oem4f (.data:ti_sysbios_knl_Task_Module_State_0_idleTask__A)
                  20002410    00000002     drivers_cc26x2.a : PKAResourceCC26XX.oem4f (.data)
                  20002412    00000002                      : TRNGCC26XX.oem4f (.data)
                  20002414    00000002     simple_peripheral_app_pem4f.oem4f (.data:ti_sysbios_family_arm_m3_Hwi_Module_State_0_excActive__A)
                  20002416    00000001     OneLib.a : gapgattserver.o (.data)
                  20002417    00000001              : gapgattserver.o (.data)
                  20002418    00000001              : gapgattserver.o (.data)
                  20002419    00000001              : gattservapp.o (.data)
                  2000241a    00000001              : gattservapp.o (.data)
                  2000241b    00000001              : ll_ae.o (.data)
                  2000241c    00000001              : ll_data.o (.data)
                  2000241d    00000001              : ll_scheduler.o (.data)
                  2000241e    00000001     StackWrapper.a : gap.o (.data)
                  2000241f    00000001                    : gap.o (.data)
                  20002420    00000001                    : hal_assert.o (.data)
                  20002421    00000001     simple_peripheral.obj (.data:argPeriodic)
                  20002422    00000001     simple_peripheral.obj (.data:argRpaRead)
                  20002423    00000001     drivers_cc26x2.a : AESCCMCC26XX.oem4f (.data)
                  20002424    00000001                      : AESCTRCC26XX.oem4f (.data)
                  20002425    00000001                      : AESCTRDRBGXX.oem4f (.data)
                  20002426    00000001                      : AESECBCC26XX.oem4f (.data)
                  20002427    00000001                      : ECDHCC26X2.oem4f (.data)
                  20002428    00000001                      : NVS.oem4f (.data)
                  20002429    00000001                      : UART.oem4f (.data)
                  2000242a    00000001     rf_multiMode_cc26x2.aem4f : rf_patch_cpe_bt5.c.cc26x2.ccs.o (.data)

.bss       0    20002430    00001226     UNINITIALIZED
                  20002430    000004f0     rf_multiMode_cc26x2.aem4f : RFCC26X2_multiMode.c.cc26x2.ccs.o (.bss:$O1$$)
                  20002920    00000300     simple_peripheral_app_pem4f.oem4f (.bss:taskStackSection)
                  20002c20    000001b4     (.common:uartCC26XXObjects)
                  20002dd4    000000d8     (.common:ti_sysbios_family_arm_m3_Hwi_dispatchTable)
                  20002eac    00000080     ti_drivers_config.obj (.bss:displayUARTBuffer)
                  20002f2c    00000080     (.common:trngCC26XXObjects)
                  20002fac    0000007c     (.common:pinHandleTable)
                  20003028    00000078     StackWrapper.a : osal_cbtimer.o (.bss)
                  200030a0    00000064     simple_peripheral_menu.obj (.bss:$O4$$)
                  20003104    00000058     (.common:aesctrdrbgXXObjects)
                  2000315c    00000050     drivers_cc26x2.a : PINCC26XX.oem4f (.bss:pinSemaphore)
                  200031ac    00000050     (.common:CryptoResourceCC26XX_accessSemaphore)
                  200031fc    00000050     (.common:CryptoResourceCC26XX_operationSemaphore)
                  2000324c    00000050     (.common:PKAResourceCC26XX_accessSemaphore)
                  2000329c    00000050     (.common:PKAResourceCC26XX_operationSemaphore)
                  200032ec    0000003c     StackWrapper.a : osal_snv_wrapper.o (.bss)
                  20003328    00000034     drivers_cc26x2.a : PINCC26XX.oem4f (.bss:pinSwi)
                  2000335c    00000020     OneLib.a : gattservapp.o (.bss)
                  2000337c    00000020              : ll.o (.bss)
                  2000339c    00000020     StackWrapper.a : gapbondmgr.o (.bss)
                  200033bc    00000020                    : gapbondmgr.o (.bss)
                  200033dc    00000020     drivers_cc26x2.a : PINCC26XX.oem4f (.bss:pinGpioConfigTable)
                  200033fc    00000020     ti_drivers_config.obj (.bss:uartCC26XXRingBuffer0)
                  2000341c    00000020     (.common:ecdhCC26X2Objects)
                  2000343c    0000001c     drivers_cc26x2.a : TRNGCC26XX.oem4f (.bss:TRNGCC26XX_hwi)
                  20003458    0000001c                      : TRNGCC26XX.oem4f (.bss:entropyPool)
                  20003474    0000001c                      : PINCC26XX.oem4f (.bss:pinHwi)
                  20003490    0000001c     (.common:CryptoResourceCC26XX_hwi)
                  200034ac    0000001c     (.common:PKAResourceCC26XX_hwi)
                  200034c8    00000018     OneLib.a : gapgattserver.o (.bss)
                  200034e0    00000018              : ll_common.o (.bss)
                  200034f8    00000018     (.common:aesccmCC26XXObjects)
                  20003510    00000018     (.common:aesctrCC26XXObjects)
                  20003528    00000018     (.common:aesecbCC26XXObjects)
                  20003540    00000014     rf_multiMode_cc26x2.aem4f : RFCC26X2_multiMode.c.cc26x2.ccs.o (.bss:RF_ratSyncCmd)
                  20003554    00000014     drivers_cc26x2.a : Random.oem4f (.bss:state)
                  20003568    00000010     util.obj (.bss:str$1$8)
                  20003578    0000000c     OneLib.a : ll.o (.bss)
                  20003584    0000000c              : ll.o (.bss)
                  20003590    0000000c              : ll_scheduler.o (.bss)
                  2000359c    0000000c     drivers_cc26x2.a : NVSCC26XX.oem4f (.bss)
                  200035a8    0000000c     (.common:displayUartObject)
                  200035b4    00000008     OneLib.a : ll.o (.bss)
                  200035bc    00000004              : gapgattserver.o (.bss)
                  200035c0    00000004              : gattservapp.o (.bss)
                  200035c4    00000004              : ll.o (.bss)
                  200035c8    00000004              : ll.o (.bss)
                  200035cc    00000004              : ll.o (.bss)
                  200035d0    00000004              : ll.o (.bss)
                  200035d4    00000004              : ll.o (.bss)
                  200035d8    00000004              : ll_ae.o (.bss)
                  200035dc    00000004              : ll_common.o (.bss)
                  200035e0    00000004              : ll_enc.o (.bss)
                  200035e4    00000004              : ll_privacy.o (.bss)
                  200035e8    00000004     StackWrapper.a : gapbondmgr.o (.bss)
                  200035ec    00000004                    : gapbondmgr.o (.bss)
                  200035f0    00000004                    : osal.o (.bss)
                  200035f4    00000004                    : osal.o (.bss)
                  200035f8    00000004                    : osal.o (.bss)
                  200035fc    00000004                    : osal.o (.bss)
                  20003600    00000004                    : osal.o (.bss)
                  20003604    00000004                    : osal.o (.bss)
                  20003608    00000004                    : osal_bufmgr.o (.bss)
                  2000360c    00000004                    : osal_clock.o (.bss)
                  20003610    00000004                    : osal_clock.o (.bss)
                  20003614    00000004                    : osal_timers.o (.bss)
                  20003618    00000004                    : osal_timers.o (.bss)
                  2000361c    00000004                    : osal_timers.o (.bss)
                  20003620    00000004     drivers_cc26x2.a : ECDHCC26X2.oem4f (.bss)
                  20003624    00000004                      : PINCC26XX.oem4f (.bss)
                  20003628    00000004     (.common:PowerCC26XX_swiKey)
                  2000362c    00000004     (.common:PowerCC26XX_taskKey)
                  20003630    00000004     (.common:nvsCC26XXObjects)
                  20003634    00000004     (.common:tasksEvents)
                  20003638    00000002     OneLib.a : gapgattserver.o (.bss)
                  2000363a    00000002              : ll.o (.bss)
                  2000363c    00000002              : ll_slave_end_causes.o (.bss)
                  2000363e    00000002     StackWrapper.a : osal_pwrmgr.o (.bss)
                  20003640    00000001     OneLib.a : gapgattserver.o (.bss)
                  20003641    00000001              : gattservapp.o (.bss)
                  20003642    00000001              : hci_tl.o (.bss)
                  20003643    00000001              : hci_tl.o (.bss)
                  20003644    00000001              : hci_tl.o (.bss)
                  20003645    00000001              : hci_tl.o (.bss)
                  20003646    00000001              : hci_tl.o (.bss)
                  20003647    00000001              : hci_tl.o (.bss)
                  20003648    00000001              : ll.o (.bss)
                  20003649    00000001              : ll.o (.bss)
                  2000364a    00000001              : ll_ae.o (.bss)
                  2000364b    00000001              : ll_config.o (.bss)
                  2000364c    00000001              : ll_config.o (.bss)
                  2000364d    00000001              : ll_enc.o (.bss)
                  2000364e    00000001     StackWrapper.a : ble_dispatch_lite.o (.bss)
                  2000364f    00000001                    : gapbondmgr.o (.bss)
                  20003650    00000001                    : gapbondmgr.o (.bss)
                  20003651    00000001                    : hal_assert.o (.bss)
                  20003652    00000001                    : osal.o (.bss)
                  20003653    00000001                    : osal_pwrmgr.o (.bss)
                  20003654    00000001     rf_multiMode_cc26x2.aem4f : RFCC26X2_multiMode.c.cc26x2.ccs.o (.bss)
                  20003655    00000001     (.common:driverlib_release_0_58048)

.vtable    0    20003656    00000000     UNINITIALIZED

.vtable_ram 
*          0    20003656    00000000     UNINITIALIZED

vtable_ram 
*          0    20003656    00000000     UNINITIALIZED

.sysmem    0    20003656    00000000     UNINITIALIZED

.nonretenvar 
*          0    20003656    00000000     UNINITIALIZED

.stack     0    20013c00    00000400     UNINITIALIZED
                  20013c00    00000400     --HOLE--

.bootVecs 
*          0    00000000    00000008     DSECT
                  00000000    00000008     boot.aem4f : boot.oem4f (.bootVecs)

.resetVecs 
*          0    00000000    0000003c     
                  00000000    0000003c     simple_peripheral_app_pem4f.oem4f (.resetVecs)

.vecs      0    20000000    000000d8     NOLOAD SECTION
                  20000000    000000d8     simple_peripheral_app_pem4f.oem4f (.vecs)

xdc.meta   0    00000000    0000011f     COPY SECTION
                  00000000    0000011f     simple_peripheral_app_pem4f.oem4f (xdc.meta)

xdc.noload 
*          0    00000000    00000000     COPY SECTION

.TI.bound:flashBuf0 
*          0    00048000    00004000     UNINITIALIZED
                  00048000    00004000     ti_drivers_config.obj (.TI.bound:flashBuf0)

.text      0    0000003c    00017264     
                  0000003c    00000ccf     simple_peripheral.obj (.text:SimplePeripheral_taskFxn$5)
                  00000d0b    00000001     --HOLE-- [fill = 0]
                  00000d0c    000009b8     StackWrapper.a : gapbondmgr.o (.text)
                  000016c4    00000758                    : gapbondmgr.o (.text)
                  00001e1c    000006bc     OneLib.a : ll_adv_end_causes.o (.text)
                  000024d8    00000518     simple_peripheral.obj (.text:SimplePeripheral_processGapMessage$5)
                  000029f0    000004e0     OneLib.a : ll_slave_end_causes.o (.text)
                  00002ed0    000004a4     rf_multiMode_cc26x2.aem4f : RFCC26X2_multiMode.c.cc26x2.ccs.o (.text:RF_fsmActiveState)
                  00003374    00000464     OneLib.a : ll.o (.text)
                  000037d8    00000458              : ll_ae.o (.text)
                  00003c30    00000450              : ll_isr.o (.text)
                  00004080    000003c4              : ble.o (.text)
                  00004444    00000388              : ll_slave_end_causes.o (.text)
                  000047cc    00000380              : ll_isr.o (.text)
                  00004b4c    00000308              : ll.o (.text)
                  00004e54    000002f4              : ll_ae.o (.text)
                  00005148    00000290              : ll_scheduler.o (.text)
                  000053d8    0000025c     nvocmp.obj (.text:NVOCMP_addItem$10)
                  00005634    0000025c     StackWrapper.a : gapbondmgr.o (.text)
                  00005890    00000250     OneLib.a : ll_data.o (.text)
                  00005ae0    0000024c     StackWrapper.a : gapbondmgr.o (.text)
                  00005d2c    00000248     OneLib.a : ll_ae.o (.text)
                  00005f74    0000023c              : ll_common.o (.text)
                  000061b0    00000220              : ll_ae.o (.text)
                  000063d0    00000218     drivers_cc26x2.a : ECDHCC26X2.oem4f (.text:ECDHCC26X2_runFSM)
                  000065e8    00000218     nvocmp.obj (.text:NVOCMP_initNv$10)
                  00006800    00000210     rf_multiMode_cc26x2.aem4f : RFCC26X2_multiMode.c.cc26x2.ccs.o (.text:RF_scheduleCmd)
                  00006a10    00000204     OneLib.a : gattservapp.o (.text)
                  00006c14    00000204              : ll_isr.o (.text)
                  00006e18    00000200     rf_multiMode_cc26x2.aem4f : RFCC26X2_multiMode.c.cc26x2.ccs.o (.text:RF_open)
                  00007018    000001fc     OneLib.a : ll_scheduler.o (.text)
                  00007214    000001ec              : ll_isr.o (.text)
                  00007400    000001e0     osal_icall_ble.obj (.text:stack_main)
                  000075e0    000001dc     StackWrapper.a : osal.o (.text)
                  000077bc    000001d4     rf_multiMode_cc26x2.aem4f : RFCC26X2_multiMode.c.cc26x2.ccs.o (.text:RF_dispatchNextCmd)
                  00007990    000001cc     drivers_cc26x2.a : PINCC26XX.oem4f (.text:PIN_init)
                  00007b5c    000001c4     OneLib.a : ll.o (.text)
                  00007d20    000001bc     main.obj (.text:AssertHandler)
                  00007edc    00000198     drivers_cc26x2.a : PowerCC26X2.oem4f (.text:Power_sleep)
                  00008074    00000190                      : PowerCC26X2_calibrateRCOSC.oem4f (.text:calibrateRcoscHf1)
                  00008204    0000018c                      : PowerCC26X2_calibrateRCOSC.oem4f (.text:runCalibrateFsm)
                  00008390    00000188     nvocmp.obj (.text:NVOCMP_compact$10)
                  00008518    00000184     icall.obj (.text:icall_directAPI)
                  0000869c    00000178     simple_peripheral.obj (.text:SimplePeripheral_doAutoConnect)
                  00008814    00000174     OneLib.a : gattservapp.o (.text)
                  00008988    00000174              : ll_isr.o (.text)
                  00008afc    00000174     drivers_cc26x2.a : PowerCC26X2.oem4f (.text:Power_init)
                  00008c70    00000164                      : UARTCC26XX.oem4f (.text:UARTCC26XX_open)
                  00008dd4    00000162     StackWrapper.a : osal.o (.text)
                  00008f36    00000002     ti_drivers_config.obj (.text:Board_initHook)
                  00008f38    00000160     driverlib.lib : sys_ctrl.obj (.text:NOROM_SysCtrlStandby)
                  00009098    00000154     rf_multiMode_cc26x2.aem4f : RFCC26X2_multiMode.c.cc26x2.ccs.o (.text:RF_radioOpDoneCb)
                  000091ec    00000154     drivers_cc26x2.a : UARTCC26XX.oem4f (.text:UARTCC26XX_hwiIntFxn)
                  00009340    0000014c     OneLib.a : ll_common.o (.text)
                  0000948c    0000014c              : ll_isr.o (.text)
                  000095d8    00000148     rf_multiMode_cc26x2.aem4f : RFCC26X2_multiMode.c.cc26x2.ccs.o (.text:RF_fsmSetupState)
                  00009720    00000144     StackWrapper.a : gap.o (.text)
                  00009864    00000140     drivers_cc26x2.a : AESCCMCC26XX.oem4f (.text:AESCCM_startOperation)
                  000099a4    00000140     OneLib.a : gattservapp.o (.text)
                  00009ae4    00000140              : ll_ae.o (.text)
                  00009c24    0000013c     rf_multiMode_cc26x2.aem4f : RFCC26X2_multiMode.c.cc26x2.ccs.o (.text:RF_ratSetupChannel)
                  00009d60    0000013a     drivers_cc26x2.a : UARTCC26XX.oem4f (.text:UARTCC26XX_read)
                  00009e9a    00000002     ble_user_config.obj (.text:DefaultAssertCback)
                  00009e9c    00000138     drivers_cc26x2.a : ECDHCC26X2.oem4f (.text:ECDH_computeSharedSecret)
                  00009fd4    00000138                      : NVSCC26XX.oem4f (.text:NVSCC26XX_write)
                  0000a10c    00000134     rf_multiMode_cc26x2.aem4f : RFCC26X2_multiMode.c.cc26x2.ccs.o (.text:RF_abortCmd)
                  0000a240    0000012c     OneLib.a : gap_advertiser.o (.text)
                  0000a36c    00000124              : ll_scheduler.o (.text)
                  0000a490    00000120     nvocmp.obj (.text:NVOCMP_compactPage$10)
                  0000a5b0    00000120     OneLib.a : ll_common.o (.text)
                  0000a6d0    00000120              : ll_data.o (.text)
                  0000a7f0    00000120     drivers_cc26x2.a : PowerCC26X2.oem4f (.text:configureXOSCHF)
                  0000a910    00000112     rf_multiMode_cc26x2.aem4f : RFCC26X2_multiMode.c.cc26x2.ccs.o (.text:RF_decodeOverridePointers)
                  0000aa22    00000002     display.a : DisplayUart.oem4f (.text:DisplayUartAnsi_init)
                  0000aa24    00000110     rf_multiMode_cc26x2.aem4f : RFCC26X2_multiMode.c.cc26x2.ccs.o (.text:RF_initRadioSetup)
                  0000ab34    0000010c     OneLib.a : gatt_client.o (.text)
                  0000ac40    0000010c              : ll_isr.o (.text)
                  0000ad4c    00000108              : gap_task.o (.text)
                  0000ae54    00000106     simple_peripheral_app_pem4f.oem4f (.text:xdc_runtime_System_printfExtend__I)
                  0000af5a    00000002     rom_init.obj (.text:MAP_llDmmDynamicFree)
                  0000af5c    00000104     drivers_cc26x2.a : AESECBCC26XX.oem4f (.text:AESECB_startOperation)
                  0000b060    00000104     rf_multiMode_cc26x2.aem4f : RFCC26X2_multiMode.c.cc26x2.ccs.o (.text:RF_hwiCpe0Active)
                  0000b164    00000104     simple_peripheral.obj (.text:SimplePeripheral_doSetConnPhy)
                  0000b268    00000100     nvocmp.obj (.text:NVOCMP_findItem$10)
                  0000b368    000000f8     OneLib.a : sm_rsppairing.o (.text)
                  0000b460    000000f8     drivers_cc26x2.a : PINCC26XX.oem4f (.text:PINCC26XX_setIoCfg)
                  0000b558    000000f4                      : AESCTRCC26XX.oem4f (.text:AESCTR_startOperation)
                  0000b64c    000000f4     two_btn_menu.obj (.text:tbm_displayItemPage)
                  0000b740    000000f0     OneLib.a : ll_common.o (.text)
                  0000b830    000000f0              : ll_scheduler.o (.text)
                  0000b920    000000f0     rf_multiMode_cc26x2.aem4f : RFCC26X2_multiMode.c.cc26x2.ccs.o (.text:RF_fsmPowerUpState)
                  0000ba10    000000e4     OneLib.a : gapgattserver.o (.text)
                  0000baf4    000000e4              : ll_ae.o (.text)
                  0000bbd8    000000e0     StackWrapper.a : osal_timers.o (.text)
                  0000bcb8    000000e0     drivers_cc26x2.a : UARTCC26XX.oem4f (.text:UARTCC26XX_write)
                  0000bd98    000000d8     driverlib.lib : setup.obj (.text:NOROM_SetupTrimDevice)
                  0000be70    000000d8     rf_multiMode_cc26x2.aem4f : RFCC26X2_multiMode.c.cc26x2.ccs.o (.text:RF_control)
                  0000bf48    000000d8                               : RFCC26X2_multiMode.c.cc26x2.ccs.o (.text:RF_pendCmd)
                  0000c020    000000d8     driverlib.lib : setup.obj (.text:TrimAfterColdResetWakeupFromShutDown$35)
                  0000c0f8    000000d4     drivers_cc26x2.a : ECDHCC26X2.oem4f (.text:ECDH_generatePublicKey)
                  0000c1cc    000000d2     rf_multiMode_cc26x2.aem4f : RFCC26X2_multiMode.c.cc26x2.ccs.o (.text:RF_updatePaConfiguration)
                  0000c29e    00000002     rom_init.obj (.text:MAP_llDmmSetThreshold)
                  0000c2a0    000000d0     rf_multiMode_cc26x2.aem4f : RFCC26X2_multiMode.c.cc26x2.ccs.o (.text:RF_swiHw)
                  0000c370    000000d0     simple_peripheral.obj (.text:SimplePeripheral_menuSwitchCb$5)
                  0000c440    000000d0     simple_peripheral.obj (.text:SimplePeripheral_processParamUpdate$5)
                  0000c510    000000cc     OneLib.a : hci_event.o (.text)
                  0000c5dc    000000cc     StackWrapper.a : osal.o (.text)
                  0000c6a8    000000cc     main.obj (.text:main)
                  0000c774    000000c8     OneLib.a : gap_scanner.o (.text)
                  0000c83c    000000c8              : gapgattserver.o (.text)
                  0000c904    000000c8              : ll_scheduler.o (.text)
                  0000c9cc    000000c8     dpl_cc26x2.a : PowerCC26X2_tirtos.oem4f (.text:PowerCC26XX_standbyPolicy)
                  0000ca94    000000c0     drivers_cc26x2.a : AESCTRDRBGXX.oem4f (.text:AESCTRDRBG_getBytes)
                  0000cb54    000000c0     nvocmp.obj (.text:NVOCMP_erase$10)
                  0000cc14    000000c0     OneLib.a : ll.o (.text)
                  0000ccd4    000000c0     drivers_cc26x2.a : PowerCC26X2.oem4f (.text:Power_releaseDependency)
                  0000cd94    000000c0     simple_gatt_profile.obj (.text:SimpleProfile_SetParameter)
                  0000ce54    000000c0     drivers_cc26x2.a : UARTCC26XX.oem4f (.text:UARTCC26XX_initIO)
                  0000cf14    000000bc     OneLib.a : ll_ecc.o (.text)
                  0000cfd0    000000b8              : ll.o (.text)
                  0000d088    000000b8              : ll_isr.o (.text)
                  0000d140    000000b8              : ll_scheduler.o (.text)
                  0000d1f8    000000b8              : ll_scheduler.o (.text)
                  0000d2b0    000000b8              : ll_slave_end_causes.o (.text)
                  0000d368    000000b8     drivers_cc26x2.a : PowerCC26X2.oem4f (.text:Power_setDependency)
                  0000d420    000000b8     StackWrapper.a : gapbondmgr.o (.text)
                  0000d4d8    000000b8     drivers_cc26x2.a : UARTCC26XX.oem4f (.text:UARTCC26XX_initHw)
                  0000d590    000000b4     OneLib.a : ll_ae.o (.text)
                  0000d644    000000b4     drivers_cc26x2.a : TRNGCC26XX.oem4f (.text:TRNG_generateEntropy)
                  0000d6f8    000000b0                      : AESCTRDRBGXX.oem4f (.text:AESCTRDRBG_construct)
                  0000d7a8    000000b0     devinfoservice.obj (.text:devInfo_ReadAttrCB$16)
                  0000d858    000000ac     display.a : DisplayUart.oem4f (.text:DisplayUartAnsi_clearLines)
                  0000d904    000000ac     drivers_cc26x2.a : ECDHCC26X2.oem4f (.text:ECDHCC26X2_hwiFxn)
                  0000d9b0    000000ac                      : PINCC26XX.oem4f (.text:PIN_open)
                  0000da5c    000000a8     nvocmp.obj (.text:NVOCMP_initNvApi$10)
                  0000db04    000000a8     OneLib.a : hci_data.o (.text)
                  0000dbac    000000a8     StackWrapper.a : gapbondmgr.o (.text)
                  0000dc54    000000a7     display.a : DisplayUart.oem4f (.text:DisplayUartAnsi_open)
                  0000dcfb    00000001     --HOLE-- [fill = 0]
                  0000dcfc    000000a6     drivers_cc26x2.a : AESCTRDRBGXX.oem4f (.text:AESCTRDRBG_reseed)
                  0000dda2    00000002     rom_init.obj (.text:MAP_rf_patch_rfe)
                  0000dda4    000000a4     rf_multiMode_cc26x2.aem4f : RFCC26X2_multiMode.c.cc26x2.ccs.o (.text:RF_ratRestartChannels)
                  0000de48    000000a4     StackWrapper.a : osal_cbtimer.o (.text)
                  0000deec    000000a0     OneLib.a : gattservapp.o (.text)
                  0000df8c    000000a0              : ll_ae.o (.text)
                  0000e02c    000000a0              : ll_common.o (.text)
                  0000e0cc    000000a0     auto_init.aem4f : auto_init.oem4f (.text)
                  0000e16c    000000a0     rom_sysbios.aem4f : rom_sysbios.obj (.text:ti_sysbios_knl_Task_setPri__E)
                  0000e20c    0000009f     display.a : DisplayUart.oem4f (.text:DisplayUartAnsi_vprintf)
                  0000e2ab    00000001     --HOLE-- [fill = 0]
                  0000e2ac    0000009c     nvocmp.obj (.text:NVOCMP_readHeader$10)
                  0000e348    0000009c     OneLib.a : ll_common.o (.text)
                  0000e3e4    0000009c              : ll_ecc.o (.text)
                  0000e480    0000009c     rtsv7M4_T_le_v4SPD16_eabi.lib : memcpy_t2.asm.obj (.text)
                  0000e51c    00000098     OneLib.a : gattservapp.o (.text)
                  0000e5b4    00000098              : hci_event.o (.text)
                  0000e64c    00000098              : ll_enc.o (.text)
                  0000e6e4    00000098     rf_multiMode_cc26x2.aem4f : RFCC26X2_multiMode.c.cc26x2.ccs.o (.text:RF_calculateDispatchTime)
                  0000e77c    00000098     drivers_cc26x2.a : UARTCC26XX.oem4f (.text:writeTxFifoFlush)
                  0000e814    00000096     rtsv7M4_T_le_v4SPD16_eabi.lib : ull_div_t2.asm.obj (.text)
                  0000e8aa    00000002     rf_multiMode_cc26x2.aem4f : rfc.c.cc26x2.ccs.o (.text:NOROM_RFCCpePatchReset)
                  0000e8ac    00000094     icall.obj (.text:ICall_setTimer)
                  0000e940    00000094     OneLib.a : gatt_server.o (.text)
                  0000e9d4    00000094              : ll.o (.text)
                  0000ea68    00000094              : ll_scheduler.o (.text)
                  0000eafc    00000094     rf_multiMode_cc26x2.aem4f : RFCC26X2_multiMode.c.cc26x2.ccs.o (.text:RF_getInfo)
                  0000eb90    00000094     drivers_cc26x2.a : TRNGCC26XX.oem4f (.text:TRNGCC26XX_hwiFxn)
                  0000ec24    00000092                      : UARTCC26XX.oem4f (.text:UARTCC26XX_writeCancel)
                  0000ecb6    00000002     OneLib.a : ll.o (.text)
                  0000ecb8    00000090              : ll.o (.text)
                  0000ed48    00000090              : ll_ae.o (.text)
                  0000edd8    00000090     rf_multiMode_cc26x2.aem4f : RFCC26X2_multiMode.c.cc26x2.ccs.o (.text:RF_discardPendCmd)
                  0000ee68    00000090     osal_icall_ble.obj (.text:osalInitTasks)
                  0000eef8    00000090     simple_gatt_profile.obj (.text:simpleProfile_WriteAttrCB)
                  0000ef88    0000008e     drivers_cc26x2.a : CryptoUtils.oem4f (.text:CryptoUtils_reverseCopyPad)
                  0000f016    00000002     OneLib.a : ll.o (.text)
                  0000f018    0000008c     icall.obj (.text:ICall_heapMalloc)
                  0000f0a4    0000008c     OneLib.a : ll_common.o (.text)
                  0000f130    0000008c     rom_sysbios.aem4f : rom_sysbios.obj (.text:ti_sysbios_gates_GateMutexPri_enter__E)
                  0000f1bc    0000008a     drivers_cc26x2.a : AESCTRDRBGXX.oem4f (.text:AESCTRDRBGXX_updateState)
                  0000f246    00000002     rf_multiMode_cc26x2.aem4f : RFCC26X2_multiMode.c.cc26x2.ccs.o (.text:RF_defaultCallback)
                  0000f248    00000088     driverlib.lib : osc.obj (.text:NOROM_OSCHF_AttemptToSwitchToXosc)
                  0000f2d0    00000088     OneLib.a : hci_event.o (.text)
                  0000f358    00000088     rf_multiMode_cc26x2.aem4f : RFCC26X2_multiMode.c.cc26x2.ccs.o (.text:RF_cmdDispatchTime)
                  0000f3e0    00000088     StackWrapper.a : osal_cbtimer.o (.text)
                  0000f468    00000088     drivers_cc26x2.a : PowerCC26X2_calibrateRCOSC.oem4f (.text:calibrateRcoscHf2)
                  0000f4f0    00000088                      : PowerCC26X2.oem4f (.text:disableLFClockQualifiers)
                  0000f578    00000088     gattservapp_util.obj (.text:gattServApp_SendNotiInd$18)
                  0000f600    00000088     drivers_cc26x2.a : PowerCC26X2_calibrateRCOSC.oem4f (.text:updateSubSecInc)
                  0000f688    00000084     rf_multiMode_cc26x2.aem4f : RFCC26X2_multiMode.c.cc26x2.ccs.o (.text:RF_issueRadioFreeCb)
                  0000f70c    00000084                               : RFCC26X2_multiMode.c.cc26x2.ccs.o (.text:RF_verifyGap)
                  0000f790    00000084     simple_peripheral.obj (.text:SimplePeripheral_updatePHYStat$5)
                  0000f814    00000084     drivers_cc26x2.a : UARTCC26XX.oem4f (.text:UARTCC26XX_close)
                  0000f898    00000080                      : NVSCC26XX.oem4f (.text:NVSCC26XX_open)
                  0000f918    00000080     OneLib.a : ll_enc.o (.text)
                  0000f998    00000080     rom_sysbios.aem4f : rom_sysbios.obj (.text:ti_sysbios_family_arm_cc26xx_Timer_start__E)
                  0000fa18    0000007e     OneLib.a : gap_task.o (.text)
                  0000fa96    00000002     StackWrapper.a : common_rom_init.o (.text)
                  0000fa98    0000007c     nvocmp.obj (.text:NVOCMP_readItemApi$10)
                  0000fb14    0000007c     OneLib.a : ll_enc.o (.text)
                  0000fb90    0000007c     rf_multiMode_cc26x2.aem4f : RFCC26X2_multiMode.c.cc26x2.ccs.o (.text:RF_ratFreeChannel)
                  0000fc0c    0000007c     StackWrapper.a : gapbondmgr.o (.text)
                  0000fc88    0000007a     OneLib.a : gattservapp.o (.text)
                  0000fd02    0000007a     rtsv7M4_T_le_v4SPD16_eabi.lib : memset_t2.asm.obj (.text)
                  0000fd7c    00000078     icall.obj (.text:ICall_heapInit)
                  0000fdf4    00000078     nvocmp.obj (.text:NVOCMP_checkItem$10)
                  0000fe6c    00000078     OneLib.a : ll_common.o (.text)
                  0000fee4    00000078     StackWrapper.a : osal_cbtimer.o (.text)
                  0000ff5c    00000076                    : gap.o (.text)
                  0000ffd2    00000002                    : hal_assert.o (.text)
                  0000ffd4    00000074     nvocmp.obj (.text:NVOCMP_writeItemApi$10)
                  00010048    00000074     drivers_cc26x2.a : PowerCC26X2_calibrateRCOSC.oem4f (.text:PowerCC26X2_auxISR)
                  000100bc    00000074                      : TRNGCC26XX.oem4f (.text:TRNG_construct)
                  00010130    00000074     rom_sysbios.aem4f : rom_sysbios.obj (.text:ti_sysbios_gates_GateMutexPri_leave__E)
                  000101a4    00000072     rf_multiMode_cc26x2.aem4f : RFCC26X2_multiMode.c.cc26x2.ccs.o (.text:RF_detachOverrides)
                  00010216    00000002     StackWrapper.a : hal_assert.o (.text)
                  00010218    00000070     drivers_cc26x2.a : AESCCMCC26XX.oem4f (.text:AESCCM_cleanup)
                  00010288    00000070     icall.obj (.text:ICall_heapGetStats)
                  000102f8    00000070     rf_multiMode_cc26x2.aem4f : rfc.c.cc26x2.ccs.o (.text:NOROM_RFCAnaDivTxOverride)
                  00010368    00000070     nvocmp.obj (.text:NVOCMP_eraseNvApi$10)
                  000103d8    00000070     OneLib.a : gatt_server.o (.text)
                  00010448    00000070              : ll_common.o (.text)
                  000104b8    00000070              : ll_enc.o (.text)
                  00010528    00000070     rf_multiMode_cc26x2.aem4f : RFCC26X2_multiMode.c.cc26x2.ccs.o (.text:RF_ratDisableChannel)
                  00010598    00000070     drivers_cc26x2.a : Random.oem4f (.text:Random_seedAutomatic)
                  00010608    00000070     StackWrapper.a : osal.o (.text)
                  00010678    0000006e     OneLib.a : gatt_server.o (.text)
                  000106e6    0000006e     rf_multiMode_cc26x2.aem4f : RFCC26X2_multiMode.c.cc26x2.ccs.o (.text:RF_attachOverrides)
                  00010754    0000006e                               : RFCC26X2_multiMode.c.cc26x2.ccs.o (.text:RF_howToSchedule)
                  000107c2    00000002     StackWrapper.a : onboard.o (.text)
                  000107c4    0000006d     rom_sysbios.aem4f : rom_sysbios.obj (.text:xdc_runtime_System_formatNum__I)
                  00010831    00000001     --HOLE-- [fill = 0]
                  00010832    00000002     rtsv7M4_T_le_v4SPD16_eabi.lib : _lock.c.obj (.text:_nop)
                  00010834    0000006c     driverlib.lib : chipinfo.obj (.text:NOROM_ChipInfo_GetChipType)
                  000108a0    0000006c     nvocmp.obj (.text:NVOCMP_getDstPage$10)
                  0001090c    0000006c     OneLib.a : ll_common.o (.text)
                  00010978    0000006c              : ll_isr.o (.text)
                  000109e4    0000006c     rf_multiMode_cc26x2.aem4f : RFCC26X2_multiMode.c.cc26x2.ccs.o (.text:RF_getCurrentTime)
                  00010a50    0000006c     simple_peripheral.obj (.text:SimplePeripheral_clearConnListEntry$5)
                  00010abc    0000006c     StackWrapper.a : osal_cbtimer.o (.text)
                  00010b28    00000068     drivers_cc26x2.a : CryptoUtils.oem4f (.text:CryptoUtils_copyPad)
                  00010b90    00000068     icall.obj (.text:ICall_enrollService)
                  00010bf8    00000068     icall.obj (.text:ICall_send)
                  00010c60    00000068     icall.obj (.text:ICall_sendServiceComplete)
                  00010cc8    00000068     driverlib.lib : osc.obj (.text:NOROM_OSCHF_SwitchToRcOscTurnOffXosc)
                  00010d30    00000068     OneLib.a : gattservapp.o (.text)
                  00010d98    00000068     rf_multiMode_cc26x2.aem4f : RFCC26X2_multiMode.c.cc26x2.ccs.o (.text:RF_hwiHw)
                  00010e00    00000068     StackWrapper.a : osal_timers.o (.text)
                  00010e68    00000068     rtsv7M4_T_le_v4SPD16_eabi.lib : copy_decompress_lzss.c.obj (.text:decompress:lzss:__TI_decompress_lzss)
                  00010ed0    00000066     OneLib.a : ll_common.o (.text)
                  00010f36    00000002     drivers_cc26x2.a : PowerCC26X2.oem4f (.text:emptyClockFunc)
                  00010f38    00000064                      : AESCCMCC26XX.oem4f (.text:AESCCM_waitForResult)
                  00010f9c    00000064                      : AESCTRCC26XX.oem4f (.text:AESCTR_waitForResult)
                  00011000    00000064                      : AESECBCC26XX.oem4f (.text:AESECB_waitForResult)
                  00011064    00000064     nvocmp.obj (.text:NVOCMP_findSignature$10)
                  000110c8    00000064     OneLib.a : gapgattserver.o (.text)
                  0001112c    00000064              : gattservapp.o (.text)
                  00011190    00000064     rf_multiMode_cc26x2.aem4f : RFCC26X2_multiMode.c.cc26x2.ccs.o (.text:RF_dispatchNextEvent)
                  000111f4    00000064     drivers_cc26x2.a : UARTCC26XX.oem4f (.text:UARTCC26XX_control)
                  00011258    00000062     ti_drivers_config.obj (.text:Board_sendExtFlashByte)
                  000112ba    00000062     gattservapp_util.obj (.text:GATTServApp_ProcessCCCWriteReq)
                  0001131c    00000062     rf_multiMode_cc26x2.aem4f : RFCC26X2_multiMode.c.cc26x2.ccs.o (.text:RF_syncCb)
                  0001137e    00000062     StackWrapper.a : icall_lite_translation.o (.text)
                  000113e0    00000062     drivers_cc26x2.a : UARTCC26XX.oem4f (.text:UARTCC26XX_swiIntFxn)
                  00011442    00000002                      : CryptoResourceCC26XX.oem4f (.text:errorSpin)
                  00011444    00000060                      : AESCCMCC26XX.oem4f (.text:AESCCM_hwiFxn)
                  000114a4    00000060                      : AESCTRCC26XX.oem4f (.text:AESCTR_hwiFxn)
                  00011504    00000060                      : AESECBCC26XX.oem4f (.text:AESECB_hwiFxn)
                  00011564    00000060                      : CryptoResourceCC26XX.oem4f (.text:CryptoResourceCC26XX_constructRTOSObjects)
                  000115c4    00000060     icall.obj (.text:ICall_createRemoteTasksAtRuntime)
                  00011624    00000060     OneLib.a : ll_ae.o (.text)
                  00011684    00000060              : ll_common.o (.text)
                  000116e4    00000060     drivers_cc26x2.a : PKAResourceCC26XX.oem4f (.text:PKAResourceCC26XX_constructRTOSObjects)
                  00011744    00000060     rf_multiMode_cc26x2.aem4f : RFCC26X2_multiMode.c.cc26x2.ccs.o (.text:RF_applyRfCorePatch)
                  000117a4    00000060     StackWrapper.a : gapbondmgr.o (.text)
                  00011804    00000060     drivers_cc26x2.a : TRNGCC26XX.oem4f (.text:TRNGCC26XX_startTrng)
                  00011864    0000005e     icall.obj (.text:ICall_fetchMsg)
                  000118c2    00000002     drivers_cc26x2.a : PKAResourceCC26XX.oem4f (.text:errorSpin)
                  000118c4    0000005c     display.a : Display.oem4f (.text:Display_doOpen)
                  00011920    0000005c     icall.obj (.text:ICall_pwrUpdActivityCounter)
                  0001197c    0000005c     nvocmp.obj (.text:NVOCMP_readItem$10)
                  000119d8    0000005c     OneLib.a : gap_perilinkmgr.o (.text)
                  00011a34    0000005c              : ll_scheduler.o (.text)
                  00011a90    0000005c     drivers_cc26x2.a : PINCC26XX.oem4f (.text:PIN_remove)
                  00011aec    0000005c     simple_peripheral.obj (.text:SimplePeripheral_updateRPA$5)
                  00011b48    0000005c     drivers_cc26x2.a : NVSCC26XX.oem4f (.text:doErase)
                  00011ba4    0000005c     simple_gatt_profile.obj (.text:simpleProfile_ReadAttrCB)
                  00011c00    0000005c     drivers_cc26x2.a : UARTCC26XX.oem4f (.text:startTxFifoEmptyClk)
                  00011c5c    0000005c     simple_peripheral_app_pem4f.oem4f (.text:xdc_runtime_Startup_getState__I)
                  00011cb8    00000058     drivers_cc26x2.a : ECDHCC26X2.oem4f (.text:ECDH_construct)
                  00011d10    00000058     icall.obj (.text:ICall_wait)
                  00011d68    00000058     OneLib.a : ll_ae.o (.text)
                  00011dc0    00000058              : ll_common.o (.text)
                  00011e18    00000058              : ll_enc.o (.text)
                  00011e70    00000058              : ll_isr.o (.text)
                  00011ec8    00000058     drivers_cc26x2.a : PowerCC26X2_calibrateRCOSC.oem4f (.text:PowerCC26X2_initiateCalibration)
                  00011f20    00000058     rf_multiMode_cc26x2.aem4f : RFCC26X2_multiMode.c.cc26x2.ccs.o (.text:RF_hwiCpe0PowerFsm)
                  00011f78    00000058     simple_peripheral.obj (.text:SimplePeripheral_enqueueMsg$5)
                  00011fd0    00000058     StackWrapper.a : sm_ecc.o (.text)
                  00012028    00000058     drivers_cc26x2.a : TRNGCC26XX.oem4f (.text:TRNG_init)
                  00012080    00000058     boot.aem4f : boot.oem4f (.text)
                  000120d8    00000056     rf_multiMode_cc26x2.aem4f : RFCC26X2_multiMode.c.cc26x2.ccs.o (.text:RF_defaultSubmitPolicy)
                  0001212e    00000002     icall_api_lite.obj (.text:rfErrCb)
                  00012130    00000054     drivers_cc26x2.a : AESCCMCC26XX.oem4f (.text:AESCCM_construct)
                  00012184    00000054                      : AESCTRCC26XX.oem4f (.text:AESCTR_construct)
                  000121d8    00000054                      : AESECBCC26XX.oem4f (.text:AESECB_construct)
                  0001222c    00000054     driverlib.lib : prcm.obj (.text:NOROM_PRCMPowerDomainsAllOff)
                  00012280    00000054     nvocmp.obj (.text:NVOCMP_doNVCRC$10)
                  000122d4    00000054     drivers_cc26x2.a : NVSCC26XX.oem4f (.text:NVSCC26XX_init)
                  00012328    00000054     OneLib.a : gattservapp.o (.text)
                  0001237c    00000054              : hci_event.o (.text)
                  000123d0    00000054              : ll.o (.text)
                  00012424    00000054              : ll_ae.o (.text)
                  00012478    00000054              : ll_ae.o (.text)
                  000124cc    00000054              : ll_ae.o (.text)
                  00012520    00000054     rf_multiMode_cc26x2.aem4f : RFCC26X2_multiMode.c.cc26x2.ccs.o (.text:RF_fsmXOSCState)
                  00012574    00000054     StackWrapper.a : osal_bufmgr.o (.text)
                  000125c8    00000054     drivers_cc26x2.a : StructRingBuf.oem4f (.text:StructRingBuf_put)
                  0001261c    00000054     dpl_cc26x2.a : SwiP_tirtos.oem4f (.text:SwiP_construct)
                  00012670    00000054     util.obj (.text:Util_convertBdAddr2Str)
                  000126c4    00000054     rf_multiMode_cc26x2.aem4f : rf_patch_cpe_bt5.c.cc26x2.ccs.o (.text:configureBt5Patch)
                  00012718    00000052     OneLib.a : gap_centlinkmgr.o (.text)
                  0001276a    00000050     drivers_cc26x2.a : AESCTRDRBGXX.oem4f (.text:AESCTRDRBGXX_addBigendCounter)
                  000127ba    00000002     rtsv7M4_T_le_v4SPD16_eabi.lib : div0.asm.obj (.text)
                  000127bc    00000050     nvocmp.obj (.text:NVOCMP_compactNvApi$10)
                  0001280c    00000050     OneLib.a : gap_perilinkmgr.o (.text)
                  0001285c    00000050              : hci_tl.o (.text)
                  000128ac    00000050              : ll_common.o (.text)
                  000128fc    00000050              : ll_enc.o (.text)
                  0001294c    00000050     StackWrapper.a : osal.o (.text)
                  0001299c    00000050                    : osal_clock.o (.text)
                  000129ec    00000050     drivers_cc26x2.a : TRNGCC26XX.oem4f (.text:TRNGCC26XX_waitForResult)
                  00012a3c    0000004e     StackWrapper.a : gap.o (.text)
                  00012a8a    00000002     simple_peripheral_app_pem4f.oem4f (.text:ti_sysbios_BIOS_nullFunc__I)
                  00012a8c    0000004c     icall.obj (.text:ICall_newTask$24)
                  00012ad8    0000004c     driverlib.lib : prcm.obj (.text:NOROM_PRCMPowerDomainsAllOn)
                  00012b24    0000004c     nvocmp.obj (.text:NVOCMP_loadApiPtrsMin)
                  00012b70    0000004c     nvocmp.obj (.text:NVOCMP_setItemInactive$10)
                  00012bbc    0000004c     OneLib.a : ll_scheduler.o (.text)
                  00012c08    0000004c     rf_multiMode_cc26x2.aem4f : RFCC26X2_multiMode.c.cc26x2.ccs.o (.text:RF_wakeupNotification)
                  00012c54    0000004c     drivers_cc26x2.a : StructRingBuf.oem4f (.text:StructRingBuf_get)
                  00012ca0    0000004c                      : UARTCC26XX.oem4f (.text:UARTCC26XX_readCancel)
                  00012cec    0000004c     util.obj (.text:Util_constructClock)
                  00012d38    0000004c     rtsv7M4_T_le_v4SPD16_eabi.lib : cpy_tbl.c.obj (.text:copy_in)
                  00012d84    00000048     ti_drivers_config.obj (.text:Board_wakeUpExtFlash)
                  00012dcc    00000048     rf_multiMode_cc26x2.aem4f : rfc.c.cc26x2.ccs.o (.text:NOROM_RFCSynthPowerDown)
                  00012e14    00000048     nvocmp.obj (.text:NVOCMP_write$10)
                  00012e5c    00000048     drivers_cc26x2.a : NVS.oem4f (.text:NVS_open)
                  00012ea4    00000048     OneLib.a : gattservapp.o (.text)
                  00012eec    00000048              : ll.o (.text)
                  00012f34    00000048              : ll.o (.text)
                  00012f7c    00000048     drivers_cc26x2.a : PINCC26XX.oem4f (.text:PIN_setOutputEnable)
                  00012fc4    00000048                      : PowerCC26X2_calibrateRCOSC.oem4f (.text:PowerCC26X2_RCOSC_clockFunc)
                  0001300c    00000048                      : PowerCC26X2.oem4f (.text:PowerCC26XX_switchXOSC_HF)
                  00013054    00000048                      : NVSCC26XX.oem4f (.text:disableFlashCache)
                  0001309c    00000048                      : PowerCC26X2.oem4f (.text:switchXOSCHF)
                  000130e4    00000048                      : UARTCC26XX.oem4f (.text:writeFinishedDoCallback)
                  0001312c    00000046                      : RingBuf.oem4f (.text:RingBuf_put)
                  00013172    00000002     rom_sysbios.aem4f : rom_sysbios.obj (.text:ti_sysbios_heaps_HeapCallback_defaultDelete)
                  00013174    00000044     drivers_cc26x2.a : ECDHCC26X2.oem4f (.text:ECDHCC26X2_waitForResult)
                  000131b8    00000044     nvocmp.obj (.text:NVOCMP_getFreeNvApi$10)
                  000131fc    00000044     drivers_cc26x2.a : NVSCC26XX.oem4f (.text:NVSCC26XX_read)
                  00013240    00000044     OneLib.a : ll.o (.text)
                  00013284    00000044              : ll.o (.text)
                  000132c8    00000044              : ll_ae.o (.text)
                  0001330c    00000044              : ll_common.o (.text)
                  00013350    00000044              : ll_isr.o (.text)
                  00013394    00000044     drivers_cc26x2.a : PINCC26XX.oem4f (.text:PIN_swi)
                  000133d8    00000044     simple_peripheral.obj (.text:SimplePeripheral_doSelectConn)
                  0001341c    00000044     StackWrapper.a : osal.o (.text)
                  00013460    00000044                    : osal_timers.o (.text)
                  000134a4    00000044     drivers_cc26x2.a : UART.oem4f (.text:UART_init)
                  000134e8    00000042     OneLib.a : ll.o (.text)
                  0001352a    00000040     dpl_cc26x2.a : ClockP_tirtos.oem4f (.text:ClockP_construct)
                  0001356a    00000002     rom_sysbios.aem4f : rom_sysbios.obj (.text:xdc_runtime_SysCallback_defaultAbort)
                  0001356c    00000040     drivers_cc26x2.a : ECDHCC26X2.oem4f (.text:ECDHCC26X2_getPublicKeyResult)
                  000135ac    00000040     driverlib.lib : osc.obj (.text:NOROM_OSC_HPOSCRelativeFrequencyOffsetGet)
                  000135ec    00000040     OneLib.a : gap_configmgr.o (.text)
                  0001362c    00000040              : gattservapp.o (.text)
                  0001366c    00000040              : linkdb.o (.text)
                  000136ac    00000040              : ll_scheduler.o (.text)
                  000136ec    00000040     drivers_cc26x2.a : PowerCC26X2.oem4f (.text:PowerCC26XX_isStableXOSC_HF)
                  0001372c    00000040                      : Random.oem4f (.text:Random_getNumber)
                  0001376c    00000040                      : RingBuf.oem4f (.text:RingBuf_get)
                  000137ac    00000040     StackWrapper.a : osal.o (.text)
                  000137ec    00000040                    : osal_bufmgr.o (.text)
                  0001382c    00000040                    : osal_bufmgr.o (.text)
                  0001386c    00000040                    : osal_timers.o (.text)
                  000138ac    00000040     drivers_cc26x2.a : TRNGCC26XX.oem4f (.text:TRNGCC26XX_copyToClient)
                  000138ec    00000040                      : UART.oem4f (.text:UART_open)
                  0001392c    00000040     rtsv7M4_T_le_v4SPD16_eabi.lib : u_divt2.asm.obj (.text)
                  0001396c    00000040     rom_sysbios.aem4f : rom_sysbios.obj (.text:ti_sysbios_family_arm_cc26xx_Timer_setThreshold__I)
                  000139ac    00000040                       : rom_sysbios.obj (.text:ti_sysbios_heaps_HeapCallback_Module_startup__E)
                  000139ec    0000003e     dpl_cc26x2.a : HwiP_tirtos.oem4f (.text:HwiP_construct)
                  00013a2a    0000003e     simple_peripheral.obj (.text:SimplePeripheral_passcodeCb$5)
                  00013a68    0000003c     nvocmp.obj (.text:NVOCMP_disableCache$10)
                  00013aa4    0000003c     OneLib.a : gap_linkmgr.o (.text)
                  00013ae0    0000003c              : gattservapp.o (.text)
                  00013b1c    0000003c              : gattservapp.o (.text)
                  00013b58    0000003c              : gattservapp.o (.text)
                  00013b94    0000003c              : ll_ae.o (.text)
                  00013bd0    0000003c     drivers_cc26x2.a : PINCC26XX.oem4f (.text:PIN_setOutputValue)
                  00013c0c    0000003c     rf_multiMode_cc26x2.aem4f : RFCC26X2_multiMode.c.cc26x2.ccs.o (.text:RF_cmdGet)
                  00013c48    0000003c                               : RFCC26X2_multiMode.c.cc26x2.ccs.o (.text:RF_cmdStoreEvents)
                  00013c84    0000003c     simple_peripheral.obj (.text:SimplePeripheral_createTask)
                  00013cc0    0000003c     simple_peripheral.obj (.text:SimplePeripheral_stopAutoPhyChange$5)
                  00013cfc    0000003c     simple_gatt_profile.obj (.text:SimpleProfile_GetParameter)
                  00013d38    0000003c     StackWrapper.a : osal.o (.text)
                  00013d74    0000003c                    : osal.o (.text)
                  00013db0    0000003c                    : osal.o (.text)
                  00013dec    0000003c                    : osal_timers.o (.text)
                  00013e28    0000003c                    : sm_ecc.o (.text)
                  00013e64    0000003c     drivers_cc26x2.a : NVSCC26XX.oem4f (.text:checkEraseRange)
                  00013ea0    0000003c     rom_sysbios.aem4f : rom_sysbios.obj (.text:ti_sysbios_family_arm_m3_Hwi_construct2__E)
                  00013edc    0000003a     StackWrapper.a : osal.o (.text)
                  00013f16    00000002     rom_sysbios.aem4f : rom_sysbios.obj (.text:xdc_runtime_SysCallback_defaultExit)
                  00013f18    00000038     board_key.obj (.text:Board_keyCallback$3)
                  00013f50    00000038     ti_drivers_config.obj (.text:Board_shutDownExtFlash)
                  00013f88    00000038     OneLib.a : hci.o (.text)
                  00013fc0    00000038              : ll_enc.o (.text)
                  00013ff8    00000038              : ll_scheduler.o (.text)
                  00014030    00000038     drivers_cc26x2.a : PINCC26XX.oem4f (.text:PIN_setConfig)
                  00014068    00000038     rf_multiMode_cc26x2.aem4f : RFCC26X2_multiMode.c.cc26x2.ccs.o (.text:RF_checkCmdFsError)
                  000140a0    00000038                               : RFCC26X2_multiMode.c.cc26x2.ccs.o (.text:RF_powerConstraintRelease)
                  000140d8    00000038     simple_peripheral.obj (.text:SimplePeripheral_setPhy$5)
                  00014110    00000038     StackWrapper.a : osal_timers.o (.text)
                  00014148    00000038     drivers_cc26x2.a : PowerCC26X2.oem4f (.text:notify)
                  00014180    00000038                      : UARTCC26XX.oem4f (.text:readData)
                  000141b8    00000038     two_btn_menu.obj (.text:tbm_goTo)
                  000141f0    00000038     rom_sysbios.aem4f : rom_sysbios.obj (.text:ti_sysbios_family_arm_cc26xx_Timer_getCurrentTick__E)
                  00014228    00000038     drivers_cc26x2.a : UARTCC26XX.oem4f (.text:writeData)
                  00014260    00000036                      : ECDHCC26X2.oem4f (.text:ECDHCC26X2_convertReturnValue)
                  00014296    00000036     StackWrapper.a : ble_dispatch_lite.o (.text)
                  000142cc    00000036     rom_sysbios.aem4f : rom_sysbios.obj (.text:ti_sysbios_family_arm_cc26xx_Timer_setNextTick__E)
                  00014302    00000002                       : rom_sysbios.obj (.text:xdc_runtime_SysCallback_defaultFlush)
                  00014304    00000034     gattservapp_util.obj (.text:GATTServApp_InitCharCfg)
                  00014338    00000034     icall.obj (.text:ICall_heapFree)
                  0001436c    00000034     icall.obj (.text:ICall_searchServiceEntity)
                  000143a0    00000034     driverlib.lib : sys_ctrl.obj (.text:NOROM_SysCtrlIdle)
                  000143d4    00000034     nvocmp.obj (.text:NVOCMP_verifyCRC$10)
                  00014408    00000034     OneLib.a : ble.o (.text)
                  0001443c    00000034              : hci.o (.text)
                  00014470    00000034              : hci_tl.o (.text)
                  000144a4    00000034              : ll_scheduler.o (.text)
                  000144d8    00000034              : ll_scheduler.o (.text)
                  0001450c    00000034     rf_multiMode_cc26x2.aem4f : RFCC26X2_multiMode.c.cc26x2.ccs.o (.text:RF_runDirectImmediateCmd)
                  00014540    00000034     simple_peripheral.obj (.text:SimplePeripheral_clockHandler$5)
                  00014574    00000034     StackWrapper.a : gapbondmgr.o (.text)
                  000145a8    00000034                    : icall_startup.o (.text)
                  000145dc    00000034     drivers_cc26x2.a : UARTCC26XX.oem4f (.text:readData2RingBuf)
                  00014610    00000034     two_btn_menu.obj (.text:tbm_findActiveItem)
                  00014644    00000034     rom_sysbios.aem4f : rom_sysbios.obj (.text:ti_sysbios_knl_Swi_setPri__E)
                  00014678    00000032     icall.obj (.text:ICall_fetchServiceMsg)
                  000146aa    00000032     rom_sysbios.aem4f : rom_sysbios.obj (.text:ti_sysbios_gates_GateMutexPri_insertPri__I)
                  000146dc    00000030     drivers_cc26x2.a : AESECBCC26XX.oem4f (.text:AESECB_cleanup)
                  0001470c    00000030     icall.obj (.text:ICall_dispatch$24)
                  0001473c    00000030     icall.obj (.text:ICall_msecs2Ticks$24)
                  0001476c    00000030     icall.obj (.text:ICall_primEntityId2ServiceId$24)
                  0001479c    00000030     icall.obj (.text:ICall_searchTask$24)
                  000147cc    00000030     nvocmp.obj (.text:NVOCMP_changePageState$10)
                  000147fc    00000030     drivers_cc26x2.a : NVSCC26XX.oem4f (.text:NVSCC26XX_erase)
                  0001482c    00000030     OneLib.a : gattservapp.o (.text)
                  0001485c    00000030              : ll_ae.o (.text)
                  0001488c    00000030              : ll_scheduler.o (.text)
                  000148bc    00000030     drivers_cc26x2.a : PINCC26XX.oem4f (.text:PINCC26XX_setMux)
                  000148ec    00000030                      : PowerCC26X2.oem4f (.text:Power_releaseConstraint)
                  0001491c    00000030                      : PowerCC26X2.oem4f (.text:Power_setConstraint)
                  0001494c    00000030     StackWrapper.a : osal_timers.o (.text)
                  0001497c    00000030     drivers_cc26x2.a : TRNGCC26XX.oem4f (.text:TRNGCC26XX_fillEntropyPool)
                  000149ac    00000030     rf_multiMode_cc26x2.aem4f : rf_patch_cpe_bt5.c.cc26x2.ccs.o (.text:applyBt5Patch)
                  000149dc    00000030     simple_peripheral_app_pem4f.oem4f (.text:ti_sysbios_BIOS_atExitFunc__I)
                  00014a0c    00000030     simple_peripheral_app_pem4f.oem4f (.text:ti_sysbios_BIOS_startFunc__I)
                  00014a3c    00000030     rom_sysbios.aem4f : rom_sysbios.obj (.text:ti_sysbios_family_arm_cc26xx_Timer_initDevice__I)
                  00014a6c    00000030     simple_peripheral_app_pem4f.oem4f (.text:ti_sysbios_gates_GateMutexPri_Object__create__S)
                  00014a9c    00000030     simple_peripheral_app_pem4f.oem4f (.text:ti_sysbios_gates_GateMutexPri_create)
                  00014acc    00000030     simple_peripheral_app_pem4f.oem4f (.text:ti_sysbios_heaps_HeapCallback_Object__create__S)
                  00014afc    00000030     rom_sysbios.aem4f : rom_sysbios.obj (.text:ti_sysbios_knl_Clock_getTimeout__E)
                  00014b2c    0000002e     icall_cc2650.obj (.text:ICallPlatform_pwrDispenseImpl$25)
                  00014b5a    0000002e     icall_cc2650.obj (.text:ICallPlatform_pwrRequireImpl$25)
                  00014b88    0000002e     OneLib.a : gattservapp.o (.text)
                  00014bb6    0000002e     drivers_cc26x2.a : TRNGCC26XX.oem4f (.text:TRNGCC26XX_serviceJob)
                  00014be4    0000002c     icall.obj (.text:ICall_getLocalMsgEntityId)
                  00014c10    0000002c     icall.obj (.text:ICall_msgEnqueue$24)
                  00014c3c    0000002c     drivers_cc26x2.a : NVS.oem4f (.text:NVS_init)
                  00014c68    0000002c     OneLib.a : gatt_task.o (.text)
                  00014c94    0000002c              : gattservapp.o (.text)
                  00014cc0    0000002c              : sm_rsppairing.o (.text)
                  00014cec    0000002c     rf_multiMode_cc26x2.aem4f : RFCC26X2_multiMode.c.cc26x2.ccs.o (.text:RF_executeDirectImmediateCmd)
                  00014d18    0000002c     rom_init.obj (.text:ROM_Init)
                  00014d44    0000002c     dpl_cc26x2.a : SemaphoreP_tirtos.oem4f (.text:SemaphoreP_constructBinary)
                  00014d70    0000002c                  : SemaphoreP_tirtos.oem4f (.text:SemaphoreP_createBinary)
                  00014d9c    0000002c     StackWrapper.a : hal_assert.o (.text)
                  00014dc8    0000002c                    : osal_bufmgr.o (.text)
                  00014df4    0000002c     drivers_cc26x2.a : TRNGCC26XX.oem4f (.text:TRNGCC26XX_stopTrng)
                  00014e20    0000002c     simple_peripheral_app_pem4f.oem4f (.text:ti_sysbios_gates_GateMutexPri_Handle__label__S)
                  00014e4c    0000002c     simple_peripheral_app_pem4f.oem4f (.text:ti_sysbios_heaps_HeapCallback_Handle__label__S)
                  00014e78    0000002c     rom_sysbios.aem4f : rom_sysbios.obj (.text:ti_sysbios_knl_Clock_getTicksUntilInterrupt__E)
                  00014ea4    0000002a     display.a : DisplayUart.oem4f (.text:DisplayUartAnsi_clear)
                  00014ece    0000002a               : Display.oem4f (.text:Display_doPrintf)
                  00014ef8    0000002a     drivers_cc26x2.a : List.oem4f (.text:List_insert)
                  00014f22    0000002a     rf_multiMode_cc26x2.aem4f : RFCC26X2_multiMode.c.cc26x2.ccs.o (.text:RF_searchAndReplacePAOverride)
                  00014f4c    0000002a     simple_peripheral.obj (.text:SimplePeripheral_pairStateCb$5)
                  00014f76    00000002     rom_sysbios.aem4f : rom_sysbios.obj (.text:xdc_runtime_SysCallback_defaultPutch)
                  00014f78    00000028     drivers_cc26x2.a : AESCTRCC26XX.oem4f (.text:AESCTR_cleanup)
                  00014fa0    00000028     rf_multiMode_cc26x2.aem4f : rfc.c.cc26x2.ccs.o (.text:NOROM_RFCOverrideSearch)
                  00014fc8    00000028     nvocmp.obj (.text:NVOCMP_setCompactHdr$10)
                  00014ff0    00000028     OneLib.a : gattservapp.o (.text)
                  00015018    00000028     drivers_cc26x2.a : PowerCC26X2.oem4f (.text:Power_registerNotify)
                  00015040    00000028     rf_multiMode_cc26x2.aem4f : RFCC26X2_multiMode.c.cc26x2.ccs.o (.text:RF_calculateDeltaTimeUs)
                  00015068    00000028                               : RFCC26X2_multiMode.c.cc26x2.ccs.o (.text:RF_runScheduleCmd)
                  00015090    00000028     StackWrapper.a : osal.o (.text)
                  000150b8    00000028                    : osal_snv_wrapper.o (.text)
                  000150e0    00000028                    : osal_snv_wrapper.o (.text)
                  00015108    00000028                    : osal_snv_wrapper.o (.text)
                  00015130    00000028     drivers_cc26x2.a : PowerCC26X2.oem4f (.text:oscillatorISR)
                  00015158    00000028                      : NVSCC26XX.oem4f (.text:restoreFlashCache)
                  00015180    00000028     two_btn_menu.obj (.text:tbm_setItemStatus)
                  000151a8    00000026     icall.obj (.text:ICall_sendServiceMsg)
                  000151ce    00000026     drivers_cc26x2.a : List.oem4f (.text:List_put)
                  000151f4    00000026                      : List.oem4f (.text:List_putHead)
                  0001521a    00000026                      : List.oem4f (.text:List_remove)
                  00015240    00000026     simple_peripheral.obj (.text:SimplePeripheral_advCallback$5)
                  00015266    00000002     --HOLE-- [fill = 0]
                  00015268    00000024     driverlib.lib : osc.obj (.text:NOROM_OSCHF_TurnOnXosc)
                  0001528c    00000024     rf_multiMode_cc26x2.aem4f : rfc.c.cc26x2.ccs.o (.text:NOROM_RFCDoorbellSendTo)
                  000152b0    00000024     OneLib.a : gapgattserver.o (.text)
                  000152d4    00000024              : gatt_server.o (.text)
                  000152f8    00000024     rf_multiMode_cc26x2.aem4f : RFCC26X2_multiMode.c.cc26x2.ccs.o (.text:RF_cmdAlloc)
                  0001531c    00000024                               : RFCC26X2_multiMode.c.cc26x2.ccs.o (.text:RF_invokeGlobalCallback)
                  00015340    00000024     StackWrapper.a : ble_dispatch_lite.o (.text)
                  00015364    00000024                    : gapbondmgr.o (.text)
                  00015388    00000024                    : osal.o (.text)
                  000153ac    00000024                    : osal.o (.text)
                  000153d0    00000024                    : osal_timers.o (.text)
                  000153f4    00000024                    : osal_timers.o (.text)
                  00015418    00000024     drivers_cc26x2.a : PowerCC26X2_calibrateRCOSC.oem4f (.text:getTdcSemaphore)
                  0001543c    00000024     rtsv7M4_T_le_v4SPD16_eabi.lib : memcmp.c.obj (.text:memcmp)
                  00015460    00000024     simple_peripheral_app_pem4f.oem4f (.text:ti_sysbios_BIOS_registerRTSLock__I)
                  00015484    00000024     simple_peripheral_app_pem4f.oem4f (.text:ti_sysbios_BIOS_removeRTSLock__I)
                  000154a8    00000024     rom_sysbios.aem4f : rom_sysbios.obj (.text:ti_sysbios_family_arm_cc26xx_Timer_getMaxTicks__E)
                  000154cc    00000024     simple_peripheral_app_pem4f.oem4f (.text:ti_sysbios_gates_GateMutexPri_Object__delete__S)
                  000154f0    00000024     simple_peripheral_app_pem4f.oem4f (.text:ti_sysbios_heaps_HeapCallback_Object__delete__S)
                  00015514    00000022     drivers_cc26x2.a : CryptoUtils.oem4f (.text:CryptoUtils_buffersMatch)
                  00015536    00000022     icall.obj (.text:ICall_setTimerMSecs)
                  00015558    00000022     drivers_cc26x2.a : List.oem4f (.text:List_get)
                  0001557a    00000022     OneLib.a : gatt_server.o (.text)
                  0001559c    00000022     simple_peripheral.obj (.text:SimplePeripheral_charValueChangeCB$5)
                  000155be    00000022     simple_peripheral.obj (.text:SimplePeripheral_keyChangeHandler$5)
                  000155e0    00000020     ti_drivers_config.obj (.text:Board_init)
                  00015600    00000020     drivers_cc26x2.a : ECDHCC26X2.oem4f (.text:ECDHCC26X2_internalCallbackFxn)
                  00015620    00000020     dpl_cc26x2.a : HwiP_tirtos.oem4f (.text:HwiP_setFunc)
                  00015640    00000020     driverlib.lib : pka.obj (.text:NOROM_PKAClearPkaRam)
                  00015660    00000020     nvocmp.obj (.text:NVOCMP_readByte$10)
                  00015680    00000020     OneLib.a : gattservapp.o (.text)
                  000156a0    00000020              : ll_isr.o (.text)
                  000156c0    00000020              : ll_isr.o (.text)
                  000156e0    00000020              : ll_isr.o (.text)
                  00015700    00000020              : ll_rat.o (.text)
                  00015720    00000020              : sm_intpairing.o (.text)
                  00015740    00000020              : sm_rsppairing.o (.text)
                  00015760    00000020     drivers_cc26x2.a : PINCC26XX.oem4f (.text:PINCC26XX_setIoCfgMux)
                  00015780    00000020                      : PowerCC26X2.oem4f (.text:Power_unregisterNotify)
                  000157a0    00000020     rf_multiMode_cc26x2.aem4f : RFCC26X2_multiMode.c.cc26x2.ccs.o (.text:RF_clkPowerUp)
                  000157c0    00000020                               : RFCC26X2_multiMode.c.cc26x2.ccs.o (.text:RF_hwiCpe0ChangePhy)
                  000157e0    00000020                               : RFCC26X2_multiMode.c.cc26x2.ccs.o (.text:RF_isStateTransitionAllowed)
                  00015800    00000020                               : RFCC26X2_multiMode.c.cc26x2.ccs.o (.text:RF_ratIsRunning)
                  00015820    00000020                               : RFCC26X2_multiMode.c.cc26x2.ccs.o (.text:RF_setTxPower)
                  00015840    00000020     StackWrapper.a : osal_cbtimer.o (.text)
                  00015860    00000020                    : osal_snv_wrapper.o (.text)
                  00015880    00000020     crc.obj (.text:crc_update)
                  000158a0    00000020     gattservapp_util.obj (.text:gattServApp_FindCharCfgItem$18)
                  000158c0    00000020     drivers_cc26x2.a : UARTCC26XX.oem4f (.text:threadSafeStdbyDisRelease)
                  000158e0    00000020                      : UARTCC26XX.oem4f (.text:threadSafeStdbyDisSet)
                  00015900    00000020     simple_peripheral_app_pem4f.oem4f (.text:ti_sysbios_BIOS_rtsLock__I)
                  00015920    00000020     rom_sysbios.aem4f : rom_sysbios.obj (.text:ti_sysbios_family_arm_cc26xx_Timer_dynamicStub__E)
                  00015940    0000001e     OneLib.a : hci_data.o (.text)
                  0001595e    0000001e     drivers_cc26x2.a : PINCC26XX.oem4f (.text:PIN_close)
                  0001597c    0000001e                      : PowerCC26X2.oem4f (.text:Power_getTransitionLatency)
                  0001599a    0000001e     StackWrapper.a : osal.o (.text)
                  000159b8    0000001e                    : osal.o (.text)
                  000159d6    00000002     --HOLE-- [fill = 0]
                  000159d8    0000001c     icall.obj (.text:ICall_mallocLimited)
                  000159f4    0000001c     icall.obj (.text:ICall_primRepostSync$24)
                  00015a10    0000001c     driverlib.lib : chipinfo.obj (.text:NOROM_ChipInfo_GetChipFamily)
                  00015a2c    0000001c                   : flash.obj (.text:NOROM_FlashProgram)
                  00015a48    0000001c                   : flash.obj (.text:NOROM_FlashSectorErase)
                  00015a64    0000001c     nvocmp.obj (.text:NVOCMP_writeByte$10)
[...]
20000fbb  l2capNumDataPkts                                                
20000fbc  l2capNumPSM                                                     
20000fbd  l2capNumCoChannels                                              
20000fbe  l2cap_gattServAppTaskID                                         
20000fbf  l2capId                                                         
20000fc1  linkDBNumConns                                                  
20000fc2  linkDB_secureConnectionOnlyMode                                 
20000fc3  maxPduSize                                                      
20000fc4  rfFeModeBias                                                    
20000fc5  defaultPhy                                                      
20000fc6  maxNumTxDataBufs                                                
20000fc7  LL_TaskID                                                       
20000fc8  llState                                                         
20000fc9  rssiCorrection                                                  
20000fca  curTxPowerVal                                                   
20000fcb  maxTxPwrForDTM                                                  
20000fcc  onePktPerEvt                                                    
20000fcd  numComplPkts                                                    
20000fce  numComplPktsLimit                                               
20000fcf  numComplPktsFlush                                               
20000fd0  fastTxRespTime                                                  
20000fd1  slOverride                                                      
20000fd2  rxFifoFlowCtrl                                                  
20000fd3  numTxDataBufs                                                   
20000fd4  maxNumConns                                                     
20000fd5  aeCurHandle                                                     
20000fd6  aeCurAdvEnableHandle                                            
20000fd7  aeCurConnHandle                                                 
20000fd8  extScanIndex                                                    
20000fd9  extInitIndex                                                    
20000fda  scanState                                                       
20000fdb  lastPrimPhy                                                     
20000fdc  lastScanRsp                                                     
20000fdd  smTaskID                                                        
20000fde  SM_appExpectingKey                                              
20000fe1  autoConnect                                                     
20000fe8  dispHandle                                                      
20001074  spTask                                                          
20001188  spTaskStack                                                     
2000175c  PowerCC26X2_module                                              
200019f0  ROM_stateStruct                                                 
200019f0  ti_sysbios_knl_Clock_Module__state__V                           
20001a1c  ti_sysbios_family_arm_cc26xx_TimestampProvider_Module__state__V 
20001a20  xdc_runtime_Startup_Module__state__V                            
20001a28  xdc_runtime_Registry_Module__state__V                           
20001a30  ti_sysbios_BIOS_Module__state__V                                
20001a54  ti_sysbios_knl_Swi_Module__state__V                             
20001a70  ti_sysbios_knl_Task_Module__state__V                            
20001ab4  xdc_runtime_Memory_Module__state__V                             
20001ab8  xdc_runtime_System_Module__state__V                             
20001ac0  ti_sysbios_family_arm_m3_Hwi_Module__state__V                   
20001af4  ti_sysbios_family_arm_cc26xx_Timer_Module__state__V             
20001bf0  gapAttrTbl                                                      
20001ca4  ICall_enterCriticalSection                                      
20001ca8  ICall_leaveCriticalSection                                      
20001cac  ICall_dispatcher                                                
20001cc0  heapmgrMemFreeTotal                                             
20001ccc  HEAPMGR_SIZE                                                    
20001d3c  pairMode                                                        
20001d3d  mitm                                                            
20001d3e  ioCap                                                           
20001d3f  bonding                                                         
20001d40  secureConnection                                                
20001d41  autoSyncWL                                                      
20001d42  eccReGenPolicy                                                  
20001d43  KeySize                                                         
20001d44  removeLRUBond                                                   
20001d45  KeyDistList                                                     
20001d46  eccDebugKeys                                                    
20001d47  eraseBondWhileInConn                                            
20001d48  pRandomAddress                                                  
20001d4c  advData1                                                        
20001d57  advData2                                                        
20001d62  attDeviceName                                                   
20001d78  advParams1                                                      
20001d94  scanResData1                                                    
20001db0  advParams2                                                      
20001dce  gAction                                                         
20001dcf  NVOCMP_size                                                     
20001dfc  NVOCMP_nvHandle                                                 
20001e2c  llUserConfig                                                    
20001e8c  pOverrides_bleCommon                                            
20001ee0  txPowerTable_2400_pa5                                           
20001f30  ti_sysbios_knl_Task_Object__table__V                            
20001f80  appKeyChangeHandler                                             
20001f84  hKeyPins                                                        
20001f88  keyPinsCfg                                                      
20001f94  keyPins                                                         
20001fc4  patchedSlaveCtrlPktList                                         
20001fc8  ti_sysbios_family_arm_cc26xx_Timer_Object__table__V             
20002010  gattAttrTbl                                                     
20002050  eccParams_NISTP256                                              
20002090  nvintfFncStruct                                                 
200020cc  ti_sysbios_gates_GateMutex_Object__table__V                     
20002104  ti_sysbios_knl_Swi_Module_State_0_readyQ__A                     
20002134  ti_sysbios_knl_Swi_Object__table__V                             
20002164  ti_sysbios_knl_Task_Module_State_0_readyQ__A                    
20002194  _hposcCoeffs                                                    
200021d8  ti_sysbios_knl_Clock_Object__table__V                           
200021f8  xdc_runtime_Error_IgnoreBlock                                   
20002218  ti_sysbios_family_arm_m3_Hwi_Object__table__V                   
20002230  tbmRowItemLast                                                  
20002299  deviceNameCharProps                                             
2000229a  llUserConfig_maxPduSize                                         
2000229c  gattAttrTbl_gatt_no_service_changed                             
200022ac  rfMode                                                          
200022bc  sizeInfo                                                        
200022dc  bleAppServiceInfoTable                                          
200022ec  pOverrides_ble2Mbps                                             
200022fc  pOverrides_bleCoded                                             
2000230c  user0Cfg                                                        
2000231c  pOverrides_ble1Mbps                                             
20002328  ti_sysbios_heaps_HeapCallback_Object__table__V                  
2000233d  appearanceCharProps                                             
2000233e  baseTaskID                                                      
20002348  bleUserCfg_maxPduSize                                           
2000234c  appAssertCback                                                  
20002350  pfnBMFree                                                       
20002354  lastAppOpcodeIdxSent                                            
20002358  _lock                                                           
2000235c  _unlock                                                         
20002360  periConnParameters                                              
20002368  pinUpperBound                                                   
2000236c  pinLowerBound                                                   
20002370  pfnBMAlloc                                                      
20002374  pRfErrCb                                                        
20002380  ti_sysbios_family_arm_m3_Hwi_Module__root__V                    
20002388  ti_sysbios_gates_GateHwi_Module__root__V                        
20002390  ti_sysbios_gates_GateMutexPri_Module__root__V                   
20002398  ti_sysbios_gates_GateMutex_Module__root__V                      
200023a0  ti_sysbios_hal_Hwi_Module__root__V                              
200023a8  ti_sysbios_heaps_HeapCallback_Module__root__V                   
200023b0  ti_sysbios_heaps_HeapMem_Module__root__V                        
200023b8  ti_sysbios_knl_Clock_Module__root__V                            
200023c0  ti_sysbios_knl_Event_Module__root__V                            
200023c8  ti_sysbios_knl_Mailbox_Module__root__V                          
200023d0  ti_sysbios_knl_Queue_Module__root__V                            
200023d8  ti_sysbios_knl_Semaphore_Module__root__V                        
200023e0  ti_sysbios_knl_Swi_Module__root__V                              
200023e8  ti_sysbios_knl_Task_Module__root__V                             
200023f5  CryptoResourceCC26XX_pollingFlag                                
200023f7  periConnParamCharProps                                          
200023f8  halAssertCback                                                  
200023fc  icallServiceTblPtr                                              
20002400  main_func_sp                                                    
20002404  ti_sysbios_family_arm_m3_Hwi_Module_State_0_excContext__A       
20002408  ti_sysbios_family_arm_m3_Hwi_Module_State_0_excStack__A         
2000240c  ti_sysbios_knl_Task_Module_State_0_idleTask__A                  
20002410  PKAResourceCC26XX_pollingFlag                                   
20002414  ti_sysbios_family_arm_m3_Hwi_Module_State_0_excActive__A        
20002416  centAddrResCharProps                                            
20002417  centAddrRes                                                     
20002418  resolvablePrivateAddressOnlyCharProps                           
20002419  GATTServApp_gatt_no_service_changed                             
2000241b  extScanChanMap                                                  
2000241c  sizeOfAllExtConnParam                                           
2000241d  rfRatHandle                                                     
2000241e  gapEndAppTaskID                                                 
2000241f  gapAppTaskID                                                    
20002420  legacyMode                                                      
20002421  argPeriodic                                                     
20002422  argRpaRead                                                      
20002920  ti_sysbios_knl_Task_Instance_State_0_stack__A                   
20002c20  uartCC26XXObjects                                               
20002dd4  ti_sysbios_family_arm_m3_Hwi_dispatchTable                      
20002f2c  trngCC26XXObjects                                               
20002fac  pinHandleTable                                                  
20003028  cbTimers                                                        
200030a0  spMenuMain                                                      
200030b4  spMenuSelectConn                                                
200030c8  spMenuPerConn                                                   
200030dc  spMenuConnPhy                                                   
200030f0  spMenuAutoConnect                                               
20003104  aesctrdrbgXXObjects                                             
200031ac  CryptoResourceCC26XX_accessSemaphore                            
200031fc  CryptoResourceCC26XX_operationSemaphore                         
2000324c  PKAResourceCC26XX_accessSemaphore                               
2000329c  PKAResourceCC26XX_operationSemaphore                            
200032ec  nvFptrs                                                         
2000335c  req                                                             
2000337c  llCteSamples                                                    
2000339c  gapBond_remoteOobData                                           
200033bc  gapBond_localOobData                                            
2000341c  ecdhCC26X2Objects                                               
20003490  CryptoResourceCC26XX_hwi                                        
200034ac  PKAResourceCC26XX_hwi                                           
200034c8  deviceName                                                      
200034e0  llCoex                                                          
200034f8  aesccmCC26XXObjects                                             
20003510  aesctrCC26XXObjects                                             
20003528  aesecbCC26XXObjects                                             
20003578  llCteTest                                                       
20003584  cteAntennaProp                                                  
20003590  llTaskList                                                      
200035a8  displayUartObject                                               
200035b4  secondaryAdvChannelMap                                          
200035bc  ggs_AppCBs                                                      
200035c4  LSTORecoveryArr                                                 
200035c8  llCte                                                           
200035cc  llConnExtParam                                                  
200035d0  extStackSettings                                                
200035d4  trngHandle                                                      
200035d8  pNextAdvSet                                                     
200035dc  llCurrentMappedChan                                             
200035e0  drbgHandle                                                      
200035e4  pRpaCfg                                                         
200035e8  gapBond_lruBondList                                             
200035ec  gapBondStateNodeHead                                            
200035f0  osal_syncHandle                                                 
200035f4  osal_tickperiod                                                 
200035f8  osal_max_msecs                                                  
200035fc  osal_icallMsg_hook                                              
20003600  osal_qHead                                                      
20003604  osal_eventloop_hook                                             
20003610  OSAL_timeSeconds                                                
20003614  timerHead                                                       
2000361c  osal_last_timestamp                                             
20003628  PowerCC26XX_swiKey                                              
2000362c  PowerCC26XX_taskKey                                             
20003630  nvsCC26XXObjects                                                
20003634  tasksEvents                                                     
20003638  appearance                                                      
2000363a  maximumPduSize                                                  
2000363e  pwrmgr_attribute                                                
20003640  resolvablePrivateAddressOnly                                    
20003641  GATTServApp_att_delayed_req                                     
20003642  hciTaskID                                                       
20003643  hciL2capTaskID                                                  
20003644  hciGapTaskID                                                    
20003645  hciSmpTaskID                                                    
20003646  hciTestTaskID                                                   
20003647  hciVsEvtMask                                                    
20003648  scanReqRpt                                                      
20003649  secondaryAdvChannelMapPopCount                                  
2000364a  numActiveAdvSets                                                
2000364b  wlSize                                                          
2000364c  rlSize                                                          
2000364d  decryptResult                                                   
2000364e  icall_liteTaskId                                                
2000364f  gapBond_removeLRUBond                                           
20003650  gapBond_syncRL                                                  
20003651  assertSubcause                                                  
20003652  osal_entity                                                     
20003653  pwrmgr_initialized                                              
20003655  driverlib_release_0_58048                                       
20003656  heapStart                                                       
20013c00  __stack                                                         
20013c00  heapEnd                                                         
20014000  __STACK_END                                                     
20014000  __STACK_TOP                                                     
20014000  __UNUSED_SRAM_end__                                             
e000e000  ti_sysbios_family_arm_m3_Hwi_nvic                               
ffffffff  __TI_pprof_out_hndl                                             
ffffffff  __TI_prof_data_size                                             
ffffffff  __TI_prof_data_start                                            
ffffffff  __binit__                                                       
ffffffff  __c_args__                                                      
ffffffff  binit                                                           
UNDEFED   ITM_flush                                                       
UNDEFED   ITM_restore                                                     
UNDEFED   SHT$$INIT_ARRAY$$Base                                           
UNDEFED   SHT$$INIT_ARRAY$$Limit                                          

[2931 symbols]
