******************************************************************************
                  TI ARM Linker PC v20.2.1                     
******************************************************************************
>> Linked Thu Dec 31 09:59:33 2020

OUTPUT FILE NAME:   <simple_central_CC26X2R1_LAUNCHXL_tirtos_ccs.out>
ENTRY POINT SYMBOL: "ResetISR"  address: 00011add


MEMORY CONFIGURATION

         name            origin    length      used     unused   attr    fill
----------------------  --------  ---------  --------  --------  ----  --------
  FLASH                 00000000   00056000  0001d9bf  00038641  R  X
  FLASH_LAST_PAGE       00056000   00002000  00000058  00001fa8  R  X
  RTOS_SRAM             20000000   0000012c  000000e4  00000048  RW X
  SRAM                  20000fdf   00013021  000026e4  0001093d  RW X


SEGMENT ALLOCATION MAP

run origin  load origin   length   init length attrs members
----------  ----------- ---------- ----------- ----- -------
00000000    00000000    000199c8   000199c8    r-x
  00000000    00000000    0000003c   0000003c    r-- .resetVecs
  0000003c    0000003c    00016814   00016814    r-x .text
  00016850    00016850    00001f55   00001f55    r-- .const
  000187a8    000187a8    00000152   00000152    r-- .rodata
  00018900    00018900    000010c8   000010c8    r-- .cinit
00048000    00048000    00004000   00000000    rw-
  00048000    00048000    00004000   00000000    rw- .TI.bound:flashBuf0
00057fa8    00057fa8    00000058   00000058    r--
  00057fa8    00057fa8    00000058   00000058    r-- .ccfg
20000100    20000100    0000000c   00000000    rw-
  20000100    20000100    00000004   00000000    rw- .data:xdcRomConstPtr
  20000104    20000104    00000004   00000000    rw- .data:xdcRomExternFuncPtr
  20000108    20000108    00000004   00000000    rw- .data:xdcRomStatePtr
20000fe0    20000fe0    000022e4   00000000    rw-
  20000fe0    20000fe0    0000106a   00000000    rw- .data
  20002050    20002050    00001274   00000000    rw- .bss
20013c00    20013c00    00000400   00000000    rw-
  20013c00    20013c00    00000400   00000000    rw- .stack


SECTION ALLOCATION MAP

 output                                  attributes/
section   page    origin      length       input sections
--------  ----  ----------  ----------   ----------------
.cinit     0    00018900    000010c8     
                  00018900    00001072     (.cinit..data.load) [load image]
                  00019972    00000002     --HOLE-- [fill = 0]
                  00019974    0000000c     (__TI_handler_table)
                  00019980    00000008     (.cinit..bss.load) [load image, compression = zero_init]
                  00019988    00000007     (.cinit..data:xdcRomConstPtr.load) [load image, compression = lzss]
                  0001998f    00000007     (.cinit..data:xdcRomExternFuncPtr.load) [load image, compression = lzss]
                  00019996    00000007     (.cinit..data:xdcRomStatePtr.load) [load image, compression = lzss]
                  0001999d    00000003     --HOLE-- [fill = 0]
                  000199a0    00000028     (__TI_cinit_table)

.init_array 
*          0    00000000    00000000     UNINITIALIZED

.ccfg      0    00057fa8    00000058     
                  00057fa8    00000058     ti_devices_config.obj (.ccfg:retain)

.data:xdcRomConstPtr 
*          0    20000100    00000004     UNINITIALIZED
                  20000100    00000004     simple_central_app_pem4f.oem4f (.data:xdcRomConstPtr)

.data:xdcRomExternFuncPtr 
*          0    20000104    00000004     UNINITIALIZED
                  20000104    00000004     simple_central_app_pem4f.oem4f (.data:xdcRomExternFuncPtr)

.data:xdcRomStatePtr 
*          0    20000108    00000004     UNINITIALIZED
                  20000108    00000004     simple_central_app_pem4f.oem4f (.data:xdcRomStatePtr)

.data      0    20000fe0    0000106a     UNINITIALIZED
                  20000fe0    00000588     simple_central.obj (.data:$O3$$)
                  20001568    00000170     drivers_cc26x2.a : PowerCC26X2.oem4f (.data:PowerCC26X2_module)
                  200016d8    0000010c     simple_central_app_pem4f.oem4f (.data:ROM_stateStruct)
                  200017e4    000000f4     StackWrapper.a : gapbondmgr.o (.data)
                  200018d8    000000b0     OneLib.a : gapgattserver.o (.data)
                  20001988    0000009c     icall.obj (.data:$O8$$)
                  20001a24    00000060     nvocmp.obj (.data:$O7$$)
                  20001a84    00000060     OneLib.a : ll_config.o (.data)
                  20001ae4    00000054     ti_radio_config.obj (.data:pOverrides_bleCommon)
                  20001b38    00000050     ti_radio_config.obj (.data:txPowerTable_2400_pa5)
                  20001b88    0000004c     simple_central_app_pem4f.oem4f (.data:ti_sysbios_knl_Task_Object__table__V)
                  20001bd4    00000048     board_key.obj (.data:$O2$$)
                  20001c1c    00000004     OneLib.a : ll_master_end_causes.o (.data)
                  20001c20    00000048     simple_central_app_pem4f.oem4f (.data:ti_sysbios_family_arm_cc26xx_Timer_Object__table__V)
                  20001c68    00000040     OneLib.a : gattservapp.o (.data)
                  20001ca8    00000040     ble_user_config.obj (.data:eccParams_NISTP256)
                  20001ce8    0000003c     icall_user_config.obj (.data:nvintfFncStruct)
                  20001d24    00000038     simple_central_app_pem4f.oem4f (.data:ti_sysbios_gates_GateMutex_Object__table__V)
                  20001d5c    00000030     simple_central_app_pem4f.oem4f (.data:ti_sysbios_knl_Swi_Module_State_0_readyQ__A)
                  20001d8c    00000030     simple_central_app_pem4f.oem4f (.data:ti_sysbios_knl_Swi_Object__table__V)
                  20001dbc    00000030     simple_central_app_pem4f.oem4f (.data:ti_sysbios_knl_Task_Module_State_0_readyQ__A)
                  20001dec    0000002c     ti_ble_config.obj (.data:$O1$$)
                  20001e18    00000024     driverlib.lib : osc.obj (.data:$O12$$)
                  20001e3c    00000004     StackWrapper.a : hal_assert.o (.data)
                  20001e40    00000020     drivers_cc26x2.a : TRNGCC26XX.oem4f (.data:entropyPoolBuffer)
                  20001e60    00000020     simple_central_app_pem4f.oem4f (.data:ti_sysbios_knl_Clock_Object__table__V)
                  20001e80    00000020     simple_central_app_pem4f.oem4f (.data:xdc_runtime_Error_IgnoreBlock)
                  20001ea0    00000018     simple_central_app_pem4f.oem4f (.data:ti_sysbios_family_arm_m3_Hwi_Object__table__V)
                  20001eb8    00000014     two_btn_menu.obj (.data:$O6$$)
                  20001ecc    00000010     OneLib.a : gattservapp.o (.data)
                  20001edc    00000010              : ll.o (.data)
                  20001eec    00000010              : ll_data.o (.data)
                  20001efc    00000010     StackWrapper.a : osal.o (.data)
                  20001f0c    00000010     icall_user_config.obj (.data:bleAppServiceInfoTable)
                  20001f1c    00000010     icall_api_lite.obj (.data)
                  20001f2c    00000010     ti_radio_config.obj (.data:pOverrides_ble2Mbps)
                  20001f3c    00000010     ti_radio_config.obj (.data:pOverrides_bleCoded)
                  20001f4c    00000010     main.obj (.data:user0Cfg)
                  20001f5c    0000000c     ti_radio_config.obj (.data:pOverrides_ble1Mbps)
                  20001f68    0000000c     simple_central_app_pem4f.oem4f (.data:ti_sysbios_heaps_HeapCallback_Object__table__V)
                  20001f74    00000008     icall_cc2650.obj (.data:$O10$$)
                  20001f7c    00000008     ble_user_config.obj (.data:$O11$$)
                  20001f84    00000008     rtsv7M4_T_le_v4SPD16_eabi.lib : _lock.c.obj (.data:$O14$$)
                  20001f8c    00000008     OneLib.a : gapgattserver.o (.data)
                  20001f94    00000008     drivers_cc26x2.a : PINCC26XX.oem4f (.data)
                  20001f9c    00000008                      : TRNGCC26XX.oem4f (.data:jobList)
                  20001fa4    00000008     simple_central_app_pem4f.oem4f (.data:ti_sysbios_family_arm_m3_Hwi_Module__root__V)
                  20001fac    00000008     simple_central_app_pem4f.oem4f (.data:ti_sysbios_gates_GateHwi_Module__root__V)
                  20001fb4    00000008     simple_central_app_pem4f.oem4f (.data:ti_sysbios_gates_GateMutexPri_Module__root__V)
                  20001fbc    00000008     simple_central_app_pem4f.oem4f (.data:ti_sysbios_gates_GateMutex_Module__root__V)
                  20001fc4    00000008     simple_central_app_pem4f.oem4f (.data:ti_sysbios_hal_Hwi_Module__root__V)
                  20001fcc    00000008     simple_central_app_pem4f.oem4f (.data:ti_sysbios_heaps_HeapCallback_Module__root__V)
                  20001fd4    00000008     simple_central_app_pem4f.oem4f (.data:ti_sysbios_heaps_HeapMem_Module__root__V)
                  20001fdc    00000008     simple_central_app_pem4f.oem4f (.data:ti_sysbios_knl_Clock_Module__root__V)
                  20001fe4    00000008     simple_central_app_pem4f.oem4f (.data:ti_sysbios_knl_Event_Module__root__V)
                  20001fec    00000008     simple_central_app_pem4f.oem4f (.data:ti_sysbios_knl_Mailbox_Module__root__V)
                  20001ff4    00000008     simple_central_app_pem4f.oem4f (.data:ti_sysbios_knl_Queue_Module__root__V)
                  20001ffc    00000008     simple_central_app_pem4f.oem4f (.data:ti_sysbios_knl_Semaphore_Module__root__V)
                  20002004    00000008     simple_central_app_pem4f.oem4f (.data:ti_sysbios_knl_Swi_Module__root__V)
                  2000200c    00000008     simple_central_app_pem4f.oem4f (.data:ti_sysbios_knl_Task_Module__root__V)
                  20002014    00000004     ble_user_config_stack.obj (.data)
                  20002018    00000004     rtsv7M4_T_le_v4SPD16_eabi.lib : stkdepth_vars.c.obj (.data)
                  2000201c    00000004     simple_central_app_pem4f.oem4f (.data:ti_sysbios_family_arm_m3_Hwi_Module_State_0_excContext__A)
                  20002020    00000004     simple_central_app_pem4f.oem4f (.data:ti_sysbios_family_arm_m3_Hwi_Module_State_0_excStack__A)
                  20002024    00000004     simple_central_app_pem4f.oem4f (.data:ti_sysbios_knl_Task_Module_State_0_idleTask__A)
                  20002028    00000002     OneLib.a : ll_config.o (.data)
                  2000202a    00000002     StackWrapper.a : osal_cbtimer.o (.data)
                  2000202c    00000002     drivers_cc26x2.a : CryptoResourceCC26XX.oem4f (.data)
                  2000202e    00000002                      : PKAResourceCC26XX.oem4f (.data)
                  20002030    00000002                      : TRNGCC26XX.oem4f (.data)
                  20002032    00000002     simple_central_app_pem4f.oem4f (.data:ti_sysbios_family_arm_m3_Hwi_Module_State_0_excActive__A)
                  20002034    00000001     OneLib.a : gapgattserver.o (.data)
                  20002035    00000001              : gapgattserver.o (.data)
                  20002036    00000001              : gapgattserver.o (.data)
                  20002037    00000001              : gapgattserver.o (.data)
                  20002038    00000001              : gapgattserver.o (.data)
                  20002039    00000001              : gapgattserver.o (.data)
                  2000203a    00000001              : gattservapp.o (.data)
                  2000203b    00000001              : gattservapp.o (.data)
                  2000203c    00000001              : ll_ae.o (.data)
                  2000203d    00000001              : ll_data.o (.data)
                  2000203e    00000001              : ll_scheduler.o (.data)
                  2000203f    00000001     StackWrapper.a : gap.o (.data)
                  20002040    00000001                    : gap.o (.data)
                  20002041    00000001                    : hal_assert.o (.data)
                  20002042    00000001     drivers_cc26x2.a : AESCCMCC26XX.oem4f (.data)
                  20002043    00000001                      : AESCTRCC26XX.oem4f (.data)
                  20002044    00000001                      : AESCTRDRBGXX.oem4f (.data)
                  20002045    00000001                      : AESECBCC26XX.oem4f (.data)
                  20002046    00000001                      : ECDHCC26X2.oem4f (.data)
                  20002047    00000001                      : NVS.oem4f (.data)
                  20002048    00000001                      : UART.oem4f (.data)
                  20002049    00000001     rf_multiMode_cc26x2.aem4f : rf_patch_cpe_bt5.c.cc26x2.ccs.o (.data)

.bss       0    20002050    00001274     UNINITIALIZED
                  20002050    000004f0     rf_multiMode_cc26x2.aem4f : RFCC26X2_multiMode.c.cc26x2.ccs.o (.bss:$O1$$)
                  20002540    00000300     simple_central_app_pem4f.oem4f (.bss:taskStackSection)
                  20002840    000001b4     (.common:uartCC26XXObjects)
                  200029f4    000000d8     (.common:ti_sysbios_family_arm_m3_Hwi_dispatchTable)
                  20002acc    000000b4     simple_central_menu.obj (.bss:$O5$$)
                  20002b80    00000080     ti_drivers_config.obj (.bss:displayUARTBuffer)
                  20002c00    00000080     (.common:trngCC26XXObjects)
                  20002c80    0000007c     (.common:pinHandleTable)
                  20002cfc    00000078     StackWrapper.a : osal_cbtimer.o (.bss)
                  20002d74    00000058     (.common:aesctrdrbgXXObjects)
                  20002dcc    00000050     drivers_cc26x2.a : PINCC26XX.oem4f (.bss:pinSemaphore)
                  20002e1c    00000050     (.common:CryptoResourceCC26XX_accessSemaphore)
                  20002e6c    00000050     (.common:CryptoResourceCC26XX_operationSemaphore)
                  20002ebc    00000050     (.common:PKAResourceCC26XX_accessSemaphore)
                  20002f0c    00000050     (.common:PKAResourceCC26XX_operationSemaphore)
                  20002f5c    0000003c     StackWrapper.a : osal_snv_wrapper.o (.bss)
                  20002f98    00000034     drivers_cc26x2.a : PINCC26XX.oem4f (.bss:pinSwi)
                  20002fcc    00000020     OneLib.a : gattservapp.o (.bss)
                  20002fec    00000020              : ll.o (.bss)
                  2000300c    00000020     StackWrapper.a : gapbondmgr.o (.bss)
                  2000302c    00000020                    : gapbondmgr.o (.bss)
                  2000304c    00000020     drivers_cc26x2.a : PINCC26XX.oem4f (.bss:pinGpioConfigTable)
                  2000306c    00000020     ti_drivers_config.obj (.bss:uartCC26XXRingBuffer0)
                  2000308c    00000020     (.common:ecdhCC26X2Objects)
                  200030ac    0000001c     drivers_cc26x2.a : TRNGCC26XX.oem4f (.bss:TRNGCC26XX_hwi)
                  200030c8    0000001c                      : TRNGCC26XX.oem4f (.bss:entropyPool)
                  200030e4    0000001c                      : PINCC26XX.oem4f (.bss:pinHwi)
                  20003100    0000001c     (.common:CryptoResourceCC26XX_hwi)
                  2000311c    0000001c     (.common:PKAResourceCC26XX_hwi)
                  20003138    00000018     OneLib.a : gapgattserver.o (.bss)
                  20003150    00000018              : ll_common.o (.bss)
                  20003168    00000018     (.common:aesccmCC26XXObjects)
                  20003180    00000018     (.common:aesctrCC26XXObjects)
                  20003198    00000018     (.common:aesecbCC26XXObjects)
                  200031b0    00000014     rf_multiMode_cc26x2.aem4f : RFCC26X2_multiMode.c.cc26x2.ccs.o (.bss:RF_ratSyncCmd)
                  200031c4    00000014     drivers_cc26x2.a : Random.oem4f (.bss:state)
                  200031d8    00000010     util.obj (.bss:str$1$7)
                  200031e8    0000000c     OneLib.a : ll.o (.bss)
                  200031f4    0000000c              : ll.o (.bss)
                  20003200    0000000c              : ll_scheduler.o (.bss)
                  2000320c    0000000c     drivers_cc26x2.a : NVSCC26XX.oem4f (.bss)
                  20003218    0000000c     (.common:displayUartObject)
                  20003224    00000008     OneLib.a : ll.o (.bss)
                  2000322c    00000004              : gapgattserver.o (.bss)
                  20003230    00000004              : gattservapp.o (.bss)
                  20003234    00000004              : ll.o (.bss)
                  20003238    00000004              : ll.o (.bss)
                  2000323c    00000004              : ll.o (.bss)
                  20003240    00000004              : ll.o (.bss)
                  20003244    00000004              : ll.o (.bss)
                  20003248    00000004              : ll_ae.o (.bss)
                  2000324c    00000004              : ll_common.o (.bss)
                  20003250    00000004              : ll_enc.o (.bss)
                  20003254    00000004              : ll_privacy.o (.bss)
                  20003258    00000004     StackWrapper.a : gapbondmgr.o (.bss)
                  2000325c    00000004                    : gapbondmgr.o (.bss)
                  20003260    00000004                    : osal.o (.bss)
                  20003264    00000004                    : osal.o (.bss)
                  20003268    00000004                    : osal.o (.bss)
                  2000326c    00000004                    : osal.o (.bss)
                  20003270    00000004                    : osal.o (.bss)
                  20003274    00000004                    : osal.o (.bss)
                  20003278    00000004                    : osal_bufmgr.o (.bss)
                  2000327c    00000004                    : osal_clock.o (.bss)
                  20003280    00000004                    : osal_clock.o (.bss)
                  20003284    00000004                    : osal_timers.o (.bss)
                  20003288    00000004                    : osal_timers.o (.bss)
                  2000328c    00000004                    : osal_timers.o (.bss)
                  20003290    00000004     drivers_cc26x2.a : ECDHCC26X2.oem4f (.bss)
                  20003294    00000004                      : PINCC26XX.oem4f (.bss)
                  20003298    00000004     (.common:PowerCC26XX_swiKey)
                  2000329c    00000004     (.common:PowerCC26XX_taskKey)
                  200032a0    00000004     (.common:nvsCC26XXObjects)
                  200032a4    00000004     (.common:tasksEvents)
                  200032a8    00000002     OneLib.a : gapgattserver.o (.bss)
                  200032aa    00000002              : ll.o (.bss)
                  200032ac    00000002     StackWrapper.a : osal_pwrmgr.o (.bss)
                  200032ae    00000001     OneLib.a : gapgattserver.o (.bss)
                  200032af    00000001              : gattservapp.o (.bss)
                  200032b0    00000001              : hci_tl.o (.bss)
                  200032b1    00000001              : hci_tl.o (.bss)
                  200032b2    00000001              : hci_tl.o (.bss)
                  200032b3    00000001              : hci_tl.o (.bss)
                  200032b4    00000001              : hci_tl.o (.bss)
                  200032b5    00000001              : hci_tl.o (.bss)
                  200032b6    00000001              : ll.o (.bss)
                  200032b7    00000001              : ll.o (.bss)
                  200032b8    00000001              : ll_ae.o (.bss)
                  200032b9    00000001              : ll_config.o (.bss)
                  200032ba    00000001              : ll_config.o (.bss)
                  200032bb    00000001              : ll_enc.o (.bss)
                  200032bc    00000001     StackWrapper.a : ble_dispatch_lite.o (.bss)
                  200032bd    00000001                    : gapbondmgr.o (.bss)
                  200032be    00000001                    : gapbondmgr.o (.bss)
                  200032bf    00000001                    : hal_assert.o (.bss)
                  200032c0    00000001                    : osal.o (.bss)
                  200032c1    00000001                    : osal_pwrmgr.o (.bss)
                  200032c2    00000001     rf_multiMode_cc26x2.aem4f : RFCC26X2_multiMode.c.cc26x2.ccs.o (.bss)
                  200032c3    00000001     (.common:driverlib_release_0_58048)

.vtable    0    200032c4    00000000     UNINITIALIZED

.vtable_ram 
*          0    200032c4    00000000     UNINITIALIZED

vtable_ram 
*          0    200032c4    00000000     UNINITIALIZED

.sysmem    0    200032c4    00000000     UNINITIALIZED

.nonretenvar 
*          0    200032c4    00000000     UNINITIALIZED

.stack     0    20013c00    00000400     UNINITIALIZED
                  20013c00    00000400     --HOLE--

.bootVecs 
*          0    00000000    00000008     DSECT
                  00000000    00000008     boot.aem4f : boot.oem4f (.bootVecs)

.resetVecs 
*          0    00000000    0000003c     
                  00000000    0000003c     simple_central_app_pem4f.oem4f (.resetVecs)

.vecs      0    20000000    000000d8     NOLOAD SECTION
                  20000000    000000d8     simple_central_app_pem4f.oem4f (.vecs)

xdc.meta   0    00000000    00000119     COPY SECTION
                  00000000    00000119     simple_central_app_pem4f.oem4f (xdc.meta)

xdc.noload 
*          0    00000000    00000000     COPY SECTION

.TI.bound:flashBuf0 
*          0    00048000    00004000     UNINITIALIZED
                  00048000    00004000     ti_drivers_config.obj (.TI.bound:flashBuf0)

.text      0    0000003c    00016814     
                  0000003c    00001080     simple_central.obj (.text:SimpleCentral_taskFxn$4)
                  000010bc    000009b8     StackWrapper.a : gapbondmgr.o (.text)
                  00001a74    00000758                    : gapbondmgr.o (.text)
                  000021cc    000005e4     simple_central.obj (.text:SimpleCentral_processGapMsg$4)
                  000027b0    000005d0     OneLib.a : ll_scheduler.o (.text)
                  00002d80    000004a4     rf_multiMode_cc26x2.aem4f : RFCC26X2_multiMode.c.cc26x2.ccs.o (.text:RF_fsmActiveState)
                  00003224    00000464     OneLib.a : ll.o (.text)
                  00003688    00000450              : ll_isr.o (.text)
                  00003ad8    000003c4              : ble.o (.text)
                  00003e9c    000003a0              : ll_ae.o (.text)
                  0000423c    00000380              : ll_isr.o (.text)
                  000045bc    00000320              : ble.o (.text)
                  000048dc    00000308              : ll.o (.text)
                  00004be4    000002c8              : ll_isr.o (.text)
                  00004eac    0000029c              : ll_master_end_causes.o (.text)
                  00005148    0000025c     nvocmp.obj (.text:NVOCMP_addItem$9)
                  000053a4    0000025c     StackWrapper.a : gapbondmgr.o (.text)
                  00005600    00000250     OneLib.a : ll_data.o (.text)
                  00005850    0000024c     StackWrapper.a : gapbondmgr.o (.text)
                  00005a9c    0000023c     OneLib.a : ll_common.o (.text)
                  00005cd8    00000218     drivers_cc26x2.a : ECDHCC26X2.oem4f (.text:ECDHCC26X2_runFSM)
                  00005ef0    00000218     nvocmp.obj (.text:NVOCMP_initNv$9)
                  00006108    00000210     OneLib.a : ll_ae.o (.text)
                  00006318    00000210     rf_multiMode_cc26x2.aem4f : RFCC26X2_multiMode.c.cc26x2.ccs.o (.text:RF_scheduleCmd)
                  00006528    00000204     OneLib.a : gattservapp.o (.text)
                  0000672c    00000204              : ll_master_end_causes.o (.text)
                  00006930    00000200     rf_multiMode_cc26x2.aem4f : RFCC26X2_multiMode.c.cc26x2.ccs.o (.text:RF_open)
                  00006b30    000001e0     osal_icall_ble.obj (.text:stack_main)
                  00006d10    000001dc     StackWrapper.a : osal.o (.text)
                  00006eec    000001d8     OneLib.a : ll_isr.o (.text)
                  000070c4    000001d4     rf_multiMode_cc26x2.aem4f : RFCC26X2_multiMode.c.cc26x2.ccs.o (.text:RF_dispatchNextCmd)
                  00007298    000001cc     drivers_cc26x2.a : PINCC26XX.oem4f (.text:PIN_init)
                  00007464    000001c4     OneLib.a : ll.o (.text)
                  00007628    000001c4     simple_central.obj (.text:SimpleCentral_processPairState$4)
                  000077ec    00000198     drivers_cc26x2.a : PowerCC26X2.oem4f (.text:Power_sleep)
                  00007984    00000190                      : PowerCC26X2_calibrateRCOSC.oem4f (.text:calibrateRcoscHf1)
                  00007b14    00000190     icall.obj (.text:icall_directAPI)
                  00007ca4    0000018c     drivers_cc26x2.a : PowerCC26X2_calibrateRCOSC.oem4f (.text:runCalibrateFsm)
                  00007e30    00000188     nvocmp.obj (.text:NVOCMP_compact$9)
                  00007fb8    0000017c     OneLib.a : sm_intpairing.o (.text)
                  00008134    00000174              : gattservapp.o (.text)
                  000082a8    00000174              : ll_isr.o (.text)
                  0000841c    00000174     drivers_cc26x2.a : PowerCC26X2.oem4f (.text:Power_init)
                  00008590    0000016c     OneLib.a : ll.o (.text)
                  000086fc    00000164     drivers_cc26x2.a : UARTCC26XX.oem4f (.text:UARTCC26XX_open)
                  00008860    00000162     StackWrapper.a : osal.o (.text)
                  000089c2    00000002     ti_drivers_config.obj (.text:Board_initHook)
                  000089c4    00000160     driverlib.lib : sys_ctrl.obj (.text:NOROM_SysCtrlStandby)
                  00008b24    00000154     rf_multiMode_cc26x2.aem4f : RFCC26X2_multiMode.c.cc26x2.ccs.o (.text:RF_radioOpDoneCb)
                  00008c78    00000154     drivers_cc26x2.a : UARTCC26XX.oem4f (.text:UARTCC26XX_hwiIntFxn)
                  00008dcc    0000014c     OneLib.a : ll_common.o (.text)
                  00008f18    0000014c              : ll_isr.o (.text)
                  00009064    0000014c     simple_central.obj (.text:SimpleCentral_doAutoConnect)
                  000091b0    00000148     rf_multiMode_cc26x2.aem4f : RFCC26X2_multiMode.c.cc26x2.ccs.o (.text:RF_fsmSetupState)
                  000092f8    00000144     StackWrapper.a : gap.o (.text)
                  0000943c    00000140     drivers_cc26x2.a : AESCCMCC26XX.oem4f (.text:AESCCM_startOperation)
                  0000957c    00000140     main.obj (.text:AssertHandler)
                  000096bc    00000140     OneLib.a : gattservapp.o (.text)
                  000097fc    00000140              : ll_ae.o (.text)
                  0000993c    0000013c     rf_multiMode_cc26x2.aem4f : RFCC26X2_multiMode.c.cc26x2.ccs.o (.text:RF_ratSetupChannel)
                  00009a78    0000013a     drivers_cc26x2.a : UARTCC26XX.oem4f (.text:UARTCC26XX_read)
                  00009bb2    00000002     ble_user_config.obj (.text:DefaultAssertCback)
                  00009bb4    00000138     drivers_cc26x2.a : ECDHCC26X2.oem4f (.text:ECDH_computeSharedSecret)
                  00009cec    00000138                      : NVSCC26XX.oem4f (.text:NVSCC26XX_write)
                  00009e24    00000134     rf_multiMode_cc26x2.aem4f : RFCC26X2_multiMode.c.cc26x2.ccs.o (.text:RF_abortCmd)
                  00009f58    00000124     OneLib.a : ll_scheduler.o (.text)
                  0000a07c    00000124     simple_central.obj (.text:SimpleCentral_processGATTDiscEvent$4)
                  0000a1a0    00000120     nvocmp.obj (.text:NVOCMP_compactPage$9)
                  0000a2c0    00000120     OneLib.a : ll_common.o (.text)
                  0000a3e0    00000120              : ll_data.o (.text)
                  0000a500    00000120     simple_central.obj (.text:SimpleCentral_menuSwitchCb$4)
                  0000a620    00000120     drivers_cc26x2.a : PowerCC26X2.oem4f (.text:configureXOSCHF)
                  0000a740    00000112     rf_multiMode_cc26x2.aem4f : RFCC26X2_multiMode.c.cc26x2.ccs.o (.text:RF_decodeOverridePointers)
                  0000a852    00000002     display.a : DisplayUart.oem4f (.text:DisplayUartAnsi_init)
                  0000a854    00000110     OneLib.a : ll_isr.o (.text)
                  0000a964    00000110     rf_multiMode_cc26x2.aem4f : RFCC26X2_multiMode.c.cc26x2.ccs.o (.text:RF_initRadioSetup)
                  0000aa74    0000010c     OneLib.a : gatt_client.o (.text)
                  0000ab80    0000010c              : ll_isr.o (.text)
                  0000ac8c    00000108              : gap_task.o (.text)
                  0000ad94    00000106     simple_central_app_pem4f.oem4f (.text:xdc_runtime_System_printfExtend__I)
                  0000ae9a    00000002     rom_init.obj (.text:MAP_llDmmDynamicFree)
                  0000ae9c    00000104     drivers_cc26x2.a : AESECBCC26XX.oem4f (.text:AESECB_startOperation)
                  0000afa0    00000104     rf_multiMode_cc26x2.aem4f : RFCC26X2_multiMode.c.cc26x2.ccs.o (.text:RF_hwiCpe0Active)
                  0000b0a4    00000100     nvocmp.obj (.text:NVOCMP_findItem$9)
                  0000b1a4    000000f8     OneLib.a : ll_isr.o (.text)
                  0000b29c    000000f8     drivers_cc26x2.a : PINCC26XX.oem4f (.text:PINCC26XX_setIoCfg)
                  0000b394    000000f4                      : AESCTRCC26XX.oem4f (.text:AESCTR_startOperation)
                  0000b488    000000f4     two_btn_menu.obj (.text:tbm_displayItemPage)
                  0000b57c    000000f0     OneLib.a : ll_common.o (.text)
                  0000b66c    000000f0              : ll_scheduler.o (.text)
                  0000b75c    000000f0     rf_multiMode_cc26x2.aem4f : RFCC26X2_multiMode.c.cc26x2.ccs.o (.text:RF_fsmPowerUpState)
                  0000b84c    000000e4     OneLib.a : gapgattserver.o (.text)
                  0000b930    000000e0     simple_central.obj (.text:SimpleCentral_doConnUpdate)
                  0000ba10    000000e0     StackWrapper.a : osal_timers.o (.text)
                  0000baf0    000000e0     drivers_cc26x2.a : UARTCC26XX.oem4f (.text:UARTCC26XX_write)
                  0000bbd0    000000d8     rf_multiMode_cc26x2.aem4f : RFCC26X2_multiMode.c.cc26x2.ccs.o (.text:RF_control)
                  0000bca8    000000d8                               : RFCC26X2_multiMode.c.cc26x2.ccs.o (.text:RF_pendCmd)
                  0000bd80    000000d8     StackWrapper.a : gapbondmgr.o (.text)
                  0000be58    000000d4     drivers_cc26x2.a : ECDHCC26X2.oem4f (.text:ECDH_generatePublicKey)
                  0000bf2c    000000d4     OneLib.a : ll_isr.o (.text)
                  0000c000    000000d2     rf_multiMode_cc26x2.aem4f : RFCC26X2_multiMode.c.cc26x2.ccs.o (.text:RF_updatePaConfiguration)
                  0000c0d2    00000002     rom_init.obj (.text:MAP_llDmmSetThreshold)
                  0000c0d4    000000d0     rf_multiMode_cc26x2.aem4f : RFCC26X2_multiMode.c.cc26x2.ccs.o (.text:RF_swiHw)
                  0000c1a4    000000cc     OneLib.a : hci_event.o (.text)
                  0000c270    000000cc     StackWrapper.a : osal.o (.text)
                  0000c33c    000000cc     main.obj (.text:main)
                  0000c408    000000c8     OneLib.a : gap_scanner.o (.text)
                  0000c4d0    000000c8              : gapgattserver.o (.text)
                  0000c598    000000c8              : ll_scheduler.o (.text)
                  0000c660    000000c8     dpl_cc26x2.a : PowerCC26X2_tirtos.oem4f (.text:PowerCC26XX_standbyPolicy)
                  0000c728    000000c0     drivers_cc26x2.a : AESCTRDRBGXX.oem4f (.text:AESCTRDRBG_getBytes)
                  0000c7e8    000000c0     nvocmp.obj (.text:NVOCMP_erase$9)
                  0000c8a8    000000c0     OneLib.a : ll.o (.text)
                  0000c968    000000c0     drivers_cc26x2.a : PowerCC26X2.oem4f (.text:Power_releaseDependency)
                  0000ca28    000000c0                      : UARTCC26XX.oem4f (.text:UARTCC26XX_initIO)
                  0000cae8    000000bc     OneLib.a : ll_ecc.o (.text)
                  0000cba4    000000b8              : ll.o (.text)
                  0000cc5c    000000b8              : ll_scheduler.o (.text)
                  0000cd14    000000b8              : ll_scheduler.o (.text)
                  0000cdcc    000000b8     drivers_cc26x2.a : PowerCC26X2.oem4f (.text:Power_setDependency)
                  0000ce84    000000b8     StackWrapper.a : gapbondmgr.o (.text)
                  0000cf3c    000000b8                    : gattservapp_util.o (.text)
                  0000cff4    000000b8     drivers_cc26x2.a : UARTCC26XX.oem4f (.text:UARTCC26XX_initHw)
                  0000d0ac    000000b4                      : TRNGCC26XX.oem4f (.text:TRNG_generateEntropy)
                  0000d160    000000b0                      : AESCTRDRBGXX.oem4f (.text:AESCTRDRBG_construct)
                  0000d210    000000b0     OneLib.a : ll.o (.text)
                  0000d2c0    000000ac     display.a : DisplayUart.oem4f (.text:DisplayUartAnsi_clearLines)
                  0000d36c    000000ac     drivers_cc26x2.a : ECDHCC26X2.oem4f (.text:ECDHCC26X2_hwiFxn)
                  0000d418    000000ac                      : PINCC26XX.oem4f (.text:PIN_open)
                  0000d4c4    000000ac     simple_central.obj (.text:SimpleCentral_autoConnect$4)
                  0000d570    000000a8     nvocmp.obj (.text:NVOCMP_initNvApi$9)
                  0000d618    000000a8     OneLib.a : hci_data.o (.text)
                  0000d6c0    000000a8     StackWrapper.a : gapbondmgr.o (.text)
                  0000d768    000000a7     display.a : DisplayUart.oem4f (.text:DisplayUartAnsi_open)
                  0000d80f    00000001     --HOLE-- [fill = 0]
                  0000d810    000000a6     drivers_cc26x2.a : AESCTRDRBGXX.oem4f (.text:AESCTRDRBG_reseed)
                  0000d8b6    00000002     rom_init.obj (.text:MAP_rf_patch_rfe)
                  0000d8b8    000000a4     rf_multiMode_cc26x2.aem4f : RFCC26X2_multiMode.c.cc26x2.ccs.o (.text:RF_ratRestartChannels)
                  0000d95c    000000a4     StackWrapper.a : osal_cbtimer.o (.text)
                  0000da00    000000a0     OneLib.a : gattservapp.o (.text)
                  0000daa0    000000a0              : ll_ae.o (.text)
                  0000db40    000000a0              : ll_common.o (.text)
                  0000dbe0    000000a0     auto_init.aem4f : auto_init.oem4f (.text)
                  0000dc80    0000009f     display.a : DisplayUart.oem4f (.text:DisplayUartAnsi_vprintf)
                  0000dd1f    00000001     --HOLE-- [fill = 0]
                  0000dd20    0000009c     nvocmp.obj (.text:NVOCMP_readHeader$9)
                  0000ddbc    0000009c     OneLib.a : ll_common.o (.text)
                  0000de58    0000009c              : ll_ecc.o (.text)
                  0000def4    0000009c     rtsv7M4_T_le_v4SPD16_eabi.lib : memcpy_t2.asm.obj (.text)
                  0000df90    00000098     OneLib.a : gattservapp.o (.text)
                  0000e028    00000098              : hci_event.o (.text)
                  0000e0c0    00000098              : ll_enc.o (.text)
                  0000e158    00000098     rf_multiMode_cc26x2.aem4f : RFCC26X2_multiMode.c.cc26x2.ccs.o (.text:RF_calculateDispatchTime)
                  0000e1f0    00000098     drivers_cc26x2.a : UARTCC26XX.oem4f (.text:writeTxFifoFlush)
                  0000e288    00000096     rtsv7M4_T_le_v4SPD16_eabi.lib : ull_div_t2.asm.obj (.text)
                  0000e31e    00000002     rf_multiMode_cc26x2.aem4f : rfc.c.cc26x2.ccs.o (.text:NOROM_RFCCpePatchReset)
                  0000e320    00000094     icall.obj (.text:ICall_setTimer)
                  0000e3b4    00000094     OneLib.a : gatt_server.o (.text)
                  0000e448    00000094              : ll.o (.text)
                  0000e4dc    00000094              : ll_scheduler.o (.text)
                  0000e570    00000094     rf_multiMode_cc26x2.aem4f : RFCC26X2_multiMode.c.cc26x2.ccs.o (.text:RF_getInfo)
                  0000e604    00000094     drivers_cc26x2.a : TRNGCC26XX.oem4f (.text:TRNGCC26XX_hwiFxn)
                  0000e698    00000092                      : UARTCC26XX.oem4f (.text:UARTCC26XX_writeCancel)
                  0000e72a    00000002     rf_multiMode_cc26x2.aem4f : RFCC26X2_multiMode.c.cc26x2.ccs.o (.text:RF_defaultCallback)
                  0000e72c    00000090     OneLib.a : ll.o (.text)
                  0000e7bc    00000090              : ll_ae.o (.text)
                  0000e84c    00000090              : ll_common.o (.text)
                  0000e8dc    00000090     rf_multiMode_cc26x2.aem4f : RFCC26X2_multiMode.c.cc26x2.ccs.o (.text:RF_discardPendCmd)
                  0000e96c    00000090     simple_central.obj (.text:SimpleCentral_doGattWrite)
                  0000e9fc    00000090     osal_icall_ble.obj (.text:osalInitTasks)
                  0000ea8c    0000008e     drivers_cc26x2.a : CryptoUtils.oem4f (.text:CryptoUtils_reverseCopyPad)
                  0000eb1a    00000002     StackWrapper.a : common_rom_init.o (.text)
                  0000eb1c    0000008c     icall.obj (.text:ICall_heapMalloc)
                  0000eba8    0000008c     OneLib.a : ll_common.o (.text)
                  0000ec34    0000008c     simple_central.obj (.text:SimpleCentral_doNotificationSwitch)
                  0000ecc0    0000008a     drivers_cc26x2.a : AESCTRDRBGXX.oem4f (.text:AESCTRDRBGXX_updateState)
                  0000ed4a    00000002     StackWrapper.a : hal_assert.o (.text)
                  0000ed4c    00000088     driverlib.lib : osc.obj (.text:NOROM_OSCHF_AttemptToSwitchToXosc)
                  0000edd4    00000088     OneLib.a : hci_event.o (.text)
                  0000ee5c    00000088     rf_multiMode_cc26x2.aem4f : RFCC26X2_multiMode.c.cc26x2.ccs.o (.text:RF_cmdDispatchTime)
                  0000eee4    00000088     simple_central.obj (.text:SimpleCentral_doRssiRead)
                  0000ef6c    00000088     simple_central.obj (.text:SimpleCentral_doSelectConn)
                  0000eff4    00000088     StackWrapper.a : osal_cbtimer.o (.text)
                  0000f07c    00000088     drivers_cc26x2.a : PowerCC26X2_calibrateRCOSC.oem4f (.text:calibrateRcoscHf2)
                  0000f104    00000088                      : PowerCC26X2.oem4f (.text:disableLFClockQualifiers)
                  0000f18c    00000088                      : PowerCC26X2_calibrateRCOSC.oem4f (.text:updateSubSecInc)
                  0000f214    00000084     rf_multiMode_cc26x2.aem4f : RFCC26X2_multiMode.c.cc26x2.ccs.o (.text:RF_issueRadioFreeCb)
                  0000f298    00000084                               : RFCC26X2_multiMode.c.cc26x2.ccs.o (.text:RF_verifyGap)
                  0000f31c    00000084     drivers_cc26x2.a : UARTCC26XX.oem4f (.text:UARTCC26XX_close)
                  0000f3a0    00000080                      : NVSCC26XX.oem4f (.text:NVSCC26XX_open)
                  0000f420    00000080     OneLib.a : ll_enc.o (.text)
                  0000f4a0    00000080              : ll_master_end_causes.o (.text)
                  0000f520    0000007e              : gap_task.o (.text)
                  0000f59e    00000002     StackWrapper.a : hal_assert.o (.text)
                  0000f5a0    0000007c     nvocmp.obj (.text:NVOCMP_readItemApi$9)
                  0000f61c    0000007c     OneLib.a : ll_enc.o (.text)
                  0000f698    0000007c              : ll_scheduler.o (.text)
                  0000f714    0000007c     rf_multiMode_cc26x2.aem4f : RFCC26X2_multiMode.c.cc26x2.ccs.o (.text:RF_ratFreeChannel)
                  0000f790    0000007c     StackWrapper.a : gapbondmgr.o (.text)
                  0000f80c    0000007a     OneLib.a : gattservapp.o (.text)
                  0000f886    0000007a     rtsv7M4_T_le_v4SPD16_eabi.lib : memset_t2.asm.obj (.text)
                  0000f900    00000078     icall.obj (.text:ICall_heapInit)
                  0000f978    00000078     nvocmp.obj (.text:NVOCMP_checkItem$9)
                  0000f9f0    00000078     OneLib.a : ll_common.o (.text)
                  0000fa68    00000078     StackWrapper.a : osal_cbtimer.o (.text)
                  0000fae0    00000076                    : gap.o (.text)
                  0000fb56    00000002                    : onboard.o (.text)
                  0000fb58    00000074     nvocmp.obj (.text:NVOCMP_writeItemApi$9)
                  0000fbcc    00000074     drivers_cc26x2.a : PowerCC26X2_calibrateRCOSC.oem4f (.text:PowerCC26X2_auxISR)
                  0000fc40    00000074     simple_central.obj (.text:SimpleCentral_doConnect)
                  0000fcb4    00000074     drivers_cc26x2.a : TRNGCC26XX.oem4f (.text:TRNG_construct)
                  0000fd28    00000072     rf_multiMode_cc26x2.aem4f : RFCC26X2_multiMode.c.cc26x2.ccs.o (.text:RF_detachOverrides)
                  0000fd9a    00000002     rtsv7M4_T_le_v4SPD16_eabi.lib : _lock.c.obj (.text:_nop)
                  0000fd9c    00000070     drivers_cc26x2.a : AESCCMCC26XX.oem4f (.text:AESCCM_cleanup)
                  0000fe0c    00000070     icall.obj (.text:ICall_heapGetStats)
                  0000fe7c    00000070     rf_multiMode_cc26x2.aem4f : rfc.c.cc26x2.ccs.o (.text:NOROM_RFCAnaDivTxOverride)
                  0000feec    00000070     nvocmp.obj (.text:NVOCMP_eraseNvApi$9)
                  0000ff5c    00000070     OneLib.a : gatt_server.o (.text)
                  0000ffcc    00000070              : ll_common.o (.text)
                  0001003c    00000070              : ll_enc.o (.text)
                  000100ac    00000070     rf_multiMode_cc26x2.aem4f : RFCC26X2_multiMode.c.cc26x2.ccs.o (.text:RF_ratDisableChannel)
                  0001011c    00000070     drivers_cc26x2.a : Random.oem4f (.text:Random_seedAutomatic)
                  0001018c    00000070     StackWrapper.a : osal.o (.text)
                  000101fc    0000006e     OneLib.a : gatt_server.o (.text)
                  0001026a    0000006e     rf_multiMode_cc26x2.aem4f : RFCC26X2_multiMode.c.cc26x2.ccs.o (.text:RF_attachOverrides)
                  000102d8    0000006e                               : RFCC26X2_multiMode.c.cc26x2.ccs.o (.text:RF_howToSchedule)
                  00010346    00000002     drivers_cc26x2.a : PowerCC26X2.oem4f (.text:emptyClockFunc)
                  00010348    0000006c     driverlib.lib : chipinfo.obj (.text:NOROM_ChipInfo_GetChipType)
                  000103b4    0000006c     nvocmp.obj (.text:NVOCMP_getDstPage$9)
                  00010420    0000006c     OneLib.a : ll_common.o (.text)
                  0001048c    0000006c              : ll_isr.o (.text)
                  000104f8    0000006c     rf_multiMode_cc26x2.aem4f : RFCC26X2_multiMode.c.cc26x2.ccs.o (.text:RF_getCurrentTime)
                  00010564    0000006c     simple_central.obj (.text:SimpleCentral_doSetScanPhy)
                  000105d0    0000006c     StackWrapper.a : osal_cbtimer.o (.text)
                  0001063c    00000068     drivers_cc26x2.a : CryptoUtils.oem4f (.text:CryptoUtils_copyPad)
                  000106a4    00000068     icall.obj (.text:ICall_send)
                  0001070c    00000068     icall.obj (.text:ICall_sendServiceComplete)
                  00010774    00000068     driverlib.lib : osc.obj (.text:NOROM_OSCHF_SwitchToRcOscTurnOffXosc)
                  000107dc    00000068     OneLib.a : gattservapp.o (.text)
                  00010844    00000068     rf_multiMode_cc26x2.aem4f : RFCC26X2_multiMode.c.cc26x2.ccs.o (.text:RF_hwiHw)
                  000108ac    00000068     simple_central.obj (.text:SimpleCentral_doSetConnPhy)
                  00010914    00000068     StackWrapper.a : osal_timers.o (.text)
                  0001097c    00000068     rtsv7M4_T_le_v4SPD16_eabi.lib : copy_decompress_lzss.c.obj (.text:decompress:lzss:__TI_decompress_lzss)
                  000109e4    00000066     OneLib.a : ll_common.o (.text)
                  00010a4a    00000002     drivers_cc26x2.a : CryptoResourceCC26XX.oem4f (.text:errorSpin)
                  00010a4c    00000064                      : AESCCMCC26XX.oem4f (.text:AESCCM_waitForResult)
                  00010ab0    00000064                      : AESCTRCC26XX.oem4f (.text:AESCTR_waitForResult)
                  00010b14    00000064                      : AESECBCC26XX.oem4f (.text:AESECB_waitForResult)
                  00010b78    00000064     nvocmp.obj (.text:NVOCMP_findSignature$9)
                  00010bdc    00000064     OneLib.a : gapgattserver.o (.text)
                  00010c40    00000064              : gattservapp.o (.text)
                  00010ca4    00000064     rf_multiMode_cc26x2.aem4f : RFCC26X2_multiMode.c.cc26x2.ccs.o (.text:RF_dispatchNextEvent)
                  00010d08    00000064     drivers_cc26x2.a : UARTCC26XX.oem4f (.text:UARTCC26XX_control)
                  00010d6c    00000062     ti_drivers_config.obj (.text:Board_sendExtFlashByte)
                  00010dce    00000062     rf_multiMode_cc26x2.aem4f : RFCC26X2_multiMode.c.cc26x2.ccs.o (.text:RF_syncCb)
                  00010e30    00000062     StackWrapper.a : icall_lite_translation.o (.text)
                  00010e92    00000062     drivers_cc26x2.a : UARTCC26XX.oem4f (.text:UARTCC26XX_swiIntFxn)
                  00010ef4    00000060                      : AESCCMCC26XX.oem4f (.text:AESCCM_hwiFxn)
                  00010f54    00000060                      : AESCTRCC26XX.oem4f (.text:AESCTR_hwiFxn)
                  00010fb4    00000060                      : AESECBCC26XX.oem4f (.text:AESECB_hwiFxn)
                  00011014    00000060                      : CryptoResourceCC26XX.oem4f (.text:CryptoResourceCC26XX_constructRTOSObjects)
                  00011074    00000060     icall.obj (.text:ICall_createRemoteTasksAtRuntime)
                  000110d4    00000060     icall.obj (.text:ICall_enrollService)
                  00011134    00000060     OneLib.a : ll_ae.o (.text)
                  00011194    00000060              : ll_common.o (.text)
                  000111f4    00000060     drivers_cc26x2.a : PKAResourceCC26XX.oem4f (.text:PKAResourceCC26XX_constructRTOSObjects)
                  00011254    00000060     rf_multiMode_cc26x2.aem4f : RFCC26X2_multiMode.c.cc26x2.ccs.o (.text:RF_applyRfCorePatch)
                  000112b4    00000060     StackWrapper.a : gapbondmgr.o (.text)
                  00011314    00000060     drivers_cc26x2.a : TRNGCC26XX.oem4f (.text:TRNGCC26XX_startTrng)
                  00011374    0000005e     icall.obj (.text:ICall_fetchMsg)
                  000113d2    00000002     drivers_cc26x2.a : PKAResourceCC26XX.oem4f (.text:errorSpin)
                  000113d4    0000005c     display.a : Display.oem4f (.text:Display_doOpen)
                  00011430    0000005c     icall.obj (.text:ICall_pwrUpdActivityCounter)
                  0001148c    0000005c     nvocmp.obj (.text:NVOCMP_readItem$9)
                  000114e8    0000005c     OneLib.a : gap_perilinkmgr.o (.text)
                  00011544    0000005c              : ll_scheduler.o (.text)
                  000115a0    0000005c     drivers_cc26x2.a : PINCC26XX.oem4f (.text:PIN_remove)
                  000115fc    0000005c     simple_central.obj (.text:SimpleCentral_enqueueMsg$4)
                  00011658    0000005c     drivers_cc26x2.a : NVSCC26XX.oem4f (.text:doErase)
                  000116b4    0000005c                      : UARTCC26XX.oem4f (.text:startTxFifoEmptyClk)
                  00011710    0000005c     simple_central_app_pem4f.oem4f (.text:xdc_runtime_Startup_getState__I)
                  0001176c    00000058     drivers_cc26x2.a : ECDHCC26X2.oem4f (.text:ECDH_construct)
                  000117c4    00000058     icall.obj (.text:ICall_wait)
                  0001181c    00000058     OneLib.a : ll_ae.o (.text)
                  00011874    00000058              : ll_common.o (.text)
                  000118cc    00000058              : ll_enc.o (.text)
                  00011924    00000058     drivers_cc26x2.a : PowerCC26X2_calibrateRCOSC.oem4f (.text:PowerCC26X2_initiateCalibration)
                  0001197c    00000058     rf_multiMode_cc26x2.aem4f : RFCC26X2_multiMode.c.cc26x2.ccs.o (.text:RF_hwiCpe0PowerFsm)
                  000119d4    00000058     simple_central.obj (.text:SimpleCentral_CancelRssi$4)
                  00011a2c    00000058     StackWrapper.a : sm_ecc.o (.text)
                  00011a84    00000058     drivers_cc26x2.a : TRNGCC26XX.oem4f (.text:TRNG_init)
                  00011adc    00000058     boot.aem4f : boot.oem4f (.text)
                  00011b34    00000056     rf_multiMode_cc26x2.aem4f : RFCC26X2_multiMode.c.cc26x2.ccs.o (.text:RF_defaultSubmitPolicy)
                  00011b8a    00000002     icall_api_lite.obj (.text:rfErrCb)
                  00011b8c    00000054     drivers_cc26x2.a : AESCCMCC26XX.oem4f (.text:AESCCM_construct)
                  00011be0    00000054                      : AESCTRCC26XX.oem4f (.text:AESCTR_construct)
                  00011c34    00000054                      : AESECBCC26XX.oem4f (.text:AESECB_construct)
                  00011c88    00000054     driverlib.lib : prcm.obj (.text:NOROM_PRCMPowerDomainsAllOff)
                  00011cdc    00000054     nvocmp.obj (.text:NVOCMP_doNVCRC$9)
                  00011d30    00000054     drivers_cc26x2.a : NVSCC26XX.oem4f (.text:NVSCC26XX_init)
                  00011d84    00000054     OneLib.a : gattservapp.o (.text)
                  00011dd8    00000054              : hci_event.o (.text)
                  00011e2c    00000054              : ll.o (.text)
                  00011e80    00000054              : ll_ae.o (.text)
                  00011ed4    00000054     rf_multiMode_cc26x2.aem4f : RFCC26X2_multiMode.c.cc26x2.ccs.o (.text:RF_fsmXOSCState)
                  00011f28    00000054     StackWrapper.a : osal_bufmgr.o (.text)
                  00011f7c    00000054     drivers_cc26x2.a : StructRingBuf.oem4f (.text:StructRingBuf_put)
                  00011fd0    00000054     dpl_cc26x2.a : SwiP_tirtos.oem4f (.text:SwiP_construct)
                  00012024    00000054     util.obj (.text:Util_convertBdAddr2Str)
                  00012078    00000054     rf_multiMode_cc26x2.aem4f : rf_patch_cpe_bt5.c.cc26x2.ccs.o (.text:configureBt5Patch)
                  000120cc    00000052     OneLib.a : gap_centlinkmgr.o (.text)
                  0001211e    00000050     drivers_cc26x2.a : AESCTRDRBGXX.oem4f (.text:AESCTRDRBGXX_addBigendCounter)
                  0001216e    00000002     rtsv7M4_T_le_v4SPD16_eabi.lib : div0.asm.obj (.text)
                  00012170    00000050     nvocmp.obj (.text:NVOCMP_compactNvApi$9)
                  000121c0    00000050     OneLib.a : gap_perilinkmgr.o (.text)
                  00012210    00000050              : hci_tl.o (.text)
                  00012260    00000050              : ll_enc.o (.text)
                  000122b0    00000050     StackWrapper.a : gattservapp_util.o (.text)
                  00012300    00000050                    : osal.o (.text)
                  00012350    00000050                    : osal_clock.o (.text)
                  000123a0    00000050     drivers_cc26x2.a : TRNGCC26XX.oem4f (.text:TRNGCC26XX_waitForResult)
                  000123f0    0000004e     StackWrapper.a : gap.o (.text)
                  0001243e    00000002     simple_central_app_pem4f.oem4f (.text:ti_sysbios_BIOS_nullFunc__I)
                  00012440    0000004c     icall.obj (.text:ICall_newTask$14)
                  0001248c    0000004c     driverlib.lib : prcm.obj (.text:NOROM_PRCMPowerDomainsAllOn)
                  000124d8    0000004c     nvocmp.obj (.text:NVOCMP_loadApiPtrsMin)
                  00012524    0000004c     nvocmp.obj (.text:NVOCMP_setItemInactive$9)
                  00012570    0000004c     OneLib.a : ll_scheduler.o (.text)
                  000125bc    0000004c     rf_multiMode_cc26x2.aem4f : RFCC26X2_multiMode.c.cc26x2.ccs.o (.text:RF_wakeupNotification)
                  00012608    0000004c     drivers_cc26x2.a : StructRingBuf.oem4f (.text:StructRingBuf_get)
                  00012654    0000004c                      : UARTCC26XX.oem4f (.text:UARTCC26XX_readCancel)
                  000126a0    0000004c     util.obj (.text:Util_constructClock)
                  000126ec    0000004c     rtsv7M4_T_le_v4SPD16_eabi.lib : cpy_tbl.c.obj (.text:copy_in)
                  00012738    00000048     ti_drivers_config.obj (.text:Board_wakeUpExtFlash)
                  00012780    00000048     rf_multiMode_cc26x2.aem4f : rfc.c.cc26x2.ccs.o (.text:NOROM_RFCSynthPowerDown)
                  000127c8    00000048     nvocmp.obj (.text:NVOCMP_write$9)
                  00012810    00000048     drivers_cc26x2.a : NVS.oem4f (.text:NVS_open)
                  00012858    00000048     OneLib.a : gattservapp.o (.text)
                  000128a0    00000048              : ll.o (.text)
                  000128e8    00000048              : ll.o (.text)
                  00012930    00000048              : ll_scheduler.o (.text)
                  00012978    00000048     drivers_cc26x2.a : PINCC26XX.oem4f (.text:PIN_setOutputEnable)
                  000129c0    00000048                      : PowerCC26X2_calibrateRCOSC.oem4f (.text:PowerCC26X2_RCOSC_clockFunc)
                  00012a08    00000048                      : PowerCC26X2.oem4f (.text:PowerCC26XX_switchXOSC_HF)
                  00012a50    00000048     simple_central.obj (.text:SimpleCentral_doGattRead)
                  00012a98    00000048     drivers_cc26x2.a : NVSCC26XX.oem4f (.text:disableFlashCache)
                  00012ae0    00000048                      : PowerCC26X2.oem4f (.text:switchXOSCHF)
                  00012b28    00000048                      : UARTCC26XX.oem4f (.text:writeFinishedDoCallback)
                  00012b70    00000046                      : RingBuf.oem4f (.text:RingBuf_put)
                  00012bb6    00000002     --HOLE-- [fill = 0]
                  00012bb8    00000044                      : ECDHCC26X2.oem4f (.text:ECDHCC26X2_waitForResult)
                  00012bfc    00000044     nvocmp.obj (.text:NVOCMP_getFreeNvApi$9)
                  00012c40    00000044     drivers_cc26x2.a : NVSCC26XX.oem4f (.text:NVSCC26XX_read)
                  00012c84    00000044     OneLib.a : ll.o (.text)
                  00012cc8    00000044              : ll.o (.text)
                  00012d0c    00000044              : ll_common.o (.text)
                  00012d50    00000044              : ll_isr.o (.text)
                  00012d94    00000044     drivers_cc26x2.a : PINCC26XX.oem4f (.text:PIN_swi)
                  00012dd8    00000044     StackWrapper.a : osal.o (.text)
                  00012e1c    00000044                    : osal_timers.o (.text)
                  00012e60    00000044     drivers_cc26x2.a : UART.oem4f (.text:UART_init)
                  00012ea4    00000042     OneLib.a : ll.o (.text)
                  00012ee6    00000040     dpl_cc26x2.a : ClockP_tirtos.oem4f (.text:ClockP_construct)
                  00012f26    00000002     --HOLE-- [fill = 0]
                  00012f28    00000040     drivers_cc26x2.a : ECDHCC26X2.oem4f (.text:ECDHCC26X2_getPublicKeyResult)
                  00012f68    00000040     driverlib.lib : osc.obj (.text:NOROM_OSC_HPOSCRelativeFrequencyOffsetGet)
                  00012fa8    00000040     OneLib.a : gap_configmgr.o (.text)
                  00012fe8    00000040              : gattservapp.o (.text)
                  00013028    00000040              : linkdb.o (.text)
                  00013068    00000040              : ll_isr.o (.text)
                  000130a8    00000040              : ll_isr.o (.text)
                  000130e8    00000040              : ll_scheduler.o (.text)
                  00013128    00000040     drivers_cc26x2.a : PowerCC26X2.oem4f (.text:PowerCC26XX_isStableXOSC_HF)
                  00013168    00000040                      : Random.oem4f (.text:Random_getNumber)
                  000131a8    00000040                      : RingBuf.oem4f (.text:RingBuf_get)
                  000131e8    00000040     simple_central.obj (.text:SimpleCentral_passcodeCb$4)
                  00013228    00000040     StackWrapper.a : osal.o (.text)
                  00013268    00000040                    : osal_bufmgr.o (.text)
                  000132a8    00000040                    : osal_bufmgr.o (.text)
                  000132e8    00000040                    : osal_timers.o (.text)
                  00013328    00000040     drivers_cc26x2.a : TRNGCC26XX.oem4f (.text:TRNGCC26XX_copyToClient)
                  00013368    00000040                      : UART.oem4f (.text:UART_open)
                  000133a8    0000003e     dpl_cc26x2.a : HwiP_tirtos.oem4f (.text:HwiP_construct)
                  000133e6    00000002     --HOLE-- [fill = 0]
                  000133e8    0000003c     nvocmp.obj (.text:NVOCMP_disableCache$9)
                  00013424    0000003c     OneLib.a : gap_linkmgr.o (.text)
                  00013460    0000003c              : gattservapp.o (.text)
                  0001349c    0000003c              : gattservapp.o (.text)
                  000134d8    0000003c              : gattservapp.o (.text)
                  00013514    0000003c              : ll_ae.o (.text)
                  00013550    0000003c     drivers_cc26x2.a : PINCC26XX.oem4f (.text:PIN_setOutputValue)
                  0001358c    0000003c     rf_multiMode_cc26x2.aem4f : RFCC26X2_multiMode.c.cc26x2.ccs.o (.text:RF_cmdGet)
                  000135c8    0000003c                               : RFCC26X2_multiMode.c.cc26x2.ccs.o (.text:RF_cmdStoreEvents)
                  00013604    0000003c     simple_central.obj (.text:SimpleCentral_createTask)
                  00013640    0000003c     StackWrapper.a : osal.o (.text)
                  0001367c    0000003c                    : osal.o (.text)
                  000136b8    0000003c                    : osal.o (.text)
                  000136f4    0000003c                    : osal_timers.o (.text)
                  00013730    0000003c                    : sm_ecc.o (.text)
                  0001376c    0000003c     drivers_cc26x2.a : NVSCC26XX.oem4f (.text:checkEraseRange)
                  000137a8    0000003a     StackWrapper.a : osal.o (.text)
                  000137e2    00000002     --HOLE-- [fill = 0]
                  000137e4    00000038     board_key.obj (.text:Board_keyCallback$3)
                  0001381c    00000038     ti_drivers_config.obj (.text:Board_shutDownExtFlash)
                  00013854    00000038     OneLib.a : hci.o (.text)
                  0001388c    00000038              : ll_enc.o (.text)
                  000138c4    00000038              : ll_scheduler.o (.text)
                  000138fc    00000038     drivers_cc26x2.a : PINCC26XX.oem4f (.text:PIN_setConfig)
                  00013934    00000038     rf_multiMode_cc26x2.aem4f : RFCC26X2_multiMode.c.cc26x2.ccs.o (.text:RF_checkCmdFsError)
                  0001396c    00000038                               : RFCC26X2_multiMode.c.cc26x2.ccs.o (.text:RF_powerConstraintRelease)
                  000139a4    00000038     StackWrapper.a : gattservapp_util.o (.text)
                  000139dc    00000038                    : osal_timers.o (.text)
                  00013a14    00000038     drivers_cc26x2.a : PowerCC26X2.oem4f (.text:notify)
                  00013a4c    00000038                      : UARTCC26XX.oem4f (.text:readData)
                  00013a84    00000038     two_btn_menu.obj (.text:tbm_findActiveItem)
                  00013abc    00000038     two_btn_menu.obj (.text:tbm_goTo)
                  00013af4    00000038     drivers_cc26x2.a : UARTCC26XX.oem4f (.text:writeData)
                  00013b2c    00000036                      : ECDHCC26X2.oem4f (.text:ECDHCC26X2_convertReturnValue)
                  00013b62    00000036     StackWrapper.a : ble_dispatch_lite.o (.text)
                  00013b98    00000034     icall.obj (.text:ICall_dispatch$14)
                  00013bcc    00000034     icall.obj (.text:ICall_heapFree)
                  00013c00    00000034     icall.obj (.text:ICall_searchServiceEntity)
                  00013c34    00000034     driverlib.lib : sys_ctrl.obj (.text:NOROM_SysCtrlIdle)
                  00013c68    00000034     nvocmp.obj (.text:NVOCMP_verifyCRC$9)
                  00013c9c    00000034     OneLib.a : ble.o (.text)
                  00013cd0    00000034              : hci.o (.text)
                  00013d04    00000034              : hci_tl.o (.text)
                  00013d38    00000034              : ll_scheduler.o (.text)
                  00013d6c    00000034              : ll_scheduler.o (.text)
                  00013da0    00000034     rf_multiMode_cc26x2.aem4f : RFCC26X2_multiMode.c.cc26x2.ccs.o (.text:RF_runDirectImmediateCmd)
                  00013dd4    00000034     simple_central.obj (.text:SimpleCentral_doDiscoverDevices)
                  00013e08    00000034     simple_central.obj (.text:SimpleCentral_scanCb$4)
                  00013e3c    00000034     StackWrapper.a : gapbondmgr.o (.text)
                  00013e70    00000034                    : icall_startup.o (.text)
                  00013ea4    00000034     drivers_cc26x2.a : UARTCC26XX.oem4f (.text:readData2RingBuf)
                  00013ed8    00000030                      : AESECBCC26XX.oem4f (.text:AESECB_cleanup)
                  00013f08    00000030     icall.obj (.text:ICall_msecs2Ticks$14)
                  00013f38    00000030     icall.obj (.text:ICall_primEntityId2ServiceId$14)
                  00013f68    00000030     icall.obj (.text:ICall_searchTask$14)
                  00013f98    00000030     nvocmp.obj (.text:NVOCMP_changePageState$9)
                  00013fc8    00000030     drivers_cc26x2.a : NVSCC26XX.oem4f (.text:NVSCC26XX_erase)
                  00013ff8    00000030     OneLib.a : gap_scanner.o (.text)
                  00014028    00000030              : gattservapp.o (.text)
                  00014058    00000030              : ll_ae.o (.text)
                  00014088    00000030              : ll_scheduler.o (.text)
                  000140b8    00000030     drivers_cc26x2.a : PINCC26XX.oem4f (.text:PINCC26XX_setMux)
                  000140e8    00000030                      : PowerCC26X2.oem4f (.text:Power_releaseConstraint)
                  00014118    00000030                      : PowerCC26X2.oem4f (.text:Power_setConstraint)
                  00014148    00000030     simple_central.obj (.text:SimpleCentral_clockHandler$4)
                  00014178    00000030     StackWrapper.a : osal_timers.o (.text)
                  000141a8    00000030     drivers_cc26x2.a : TRNGCC26XX.oem4f (.text:TRNGCC26XX_fillEntropyPool)
                  000141d8    00000030     rf_multiMode_cc26x2.aem4f : rf_patch_cpe_bt5.c.cc26x2.ccs.o (.text:applyBt5Patch)
                  00014208    00000030     simple_central_app_pem4f.oem4f (.text:ti_sysbios_BIOS_atExitFunc__I)
                  00014238    00000030     simple_central_app_pem4f.oem4f (.text:ti_sysbios_BIOS_startFunc__I)
                  00014268    00000030     simple_central_app_pem4f.oem4f (.text:ti_sysbios_gates_GateMutexPri_Object__create__S)
                  00014298    00000030     simple_central_app_pem4f.oem4f (.text:ti_sysbios_gates_GateMutexPri_create)
                  000142c8    00000030     simple_central_app_pem4f.oem4f (.text:ti_sysbios_heaps_HeapCallback_Object__create__S)
                  000142f8    0000002e     icall_cc2650.obj (.text:ICallPlatform_pwrDispenseImpl$15)
                  00014326    0000002e     icall_cc2650.obj (.text:ICallPlatform_pwrRequireImpl$15)
                  00014354    0000002e     OneLib.a : gattservapp.o (.text)
                  00014382    0000002e     drivers_cc26x2.a : TRNGCC26XX.oem4f (.text:TRNGCC26XX_serviceJob)
                  000143b0    0000002c     icall.obj (.text:ICall_msgEnqueue$14)
                  000143dc    0000002c     drivers_cc26x2.a : NVS.oem4f (.text:NVS_init)
                  00014408    0000002c     OneLib.a : gatt_task.o (.text)
                  00014434    0000002c              : gattservapp.o (.text)
                  00014460    0000002c              : sm_rsppairing.o (.text)
                  0001448c    0000002c     rf_multiMode_cc26x2.aem4f : RFCC26X2_multiMode.c.cc26x2.ccs.o (.text:RF_executeDirectImmediateCmd)
                  000144b8    0000002c     rom_init.obj (.text:ROM_Init)
                  000144e4    0000002c     dpl_cc26x2.a : SemaphoreP_tirtos.oem4f (.text:SemaphoreP_constructBinary)
                  00014510    0000002c                  : SemaphoreP_tirtos.oem4f (.text:SemaphoreP_createBinary)
                  0001453c    0000002c     StackWrapper.a : hal_assert.o (.text)
                  00014568    0000002c                    : osal_bufmgr.o (.text)
                  00014594    0000002c     drivers_cc26x2.a : TRNGCC26XX.oem4f (.text:TRNGCC26XX_stopTrng)
                  000145c0    0000002c     simple_central_app_pem4f.oem4f (.text:ti_sysbios_gates_GateMutexPri_Handle__label__S)
                  000145ec    0000002c     simple_central_app_pem4f.oem4f (.text:ti_sysbios_heaps_HeapCallback_Handle__label__S)
                  00014618    0000002a     display.a : DisplayUart.oem4f (.text:DisplayUartAnsi_clear)
                  00014642    0000002a               : Display.oem4f (.text:Display_doPrintf)
                  0001466c    0000002a     drivers_cc26x2.a : List.oem4f (.text:List_insert)
                  00014696    0000002a     rf_multiMode_cc26x2.aem4f : RFCC26X2_multiMode.c.cc26x2.ccs.o (.text:RF_searchAndReplacePAOverride)
                  000146c0    0000002a     simple_central.obj (.text:SimpleCentral_pairStateCb$4)
                  000146ea    00000002     --HOLE-- [fill = 0]
                  000146ec    00000028     drivers_cc26x2.a : AESCTRCC26XX.oem4f (.text:AESCTR_cleanup)
                  00014714    00000028     icall.obj (.text:ICall_getLocalMsgEntityId)
                  0001473c    00000028     rf_multiMode_cc26x2.aem4f : rfc.c.cc26x2.ccs.o (.text:NOROM_RFCOverrideSearch)
                  00014764    00000028     nvocmp.obj (.text:NVOCMP_setCompactHdr$9)
                  0001478c    00000028     OneLib.a : gattservapp.o (.text)
                  000147b4    00000028     drivers_cc26x2.a : PowerCC26X2.oem4f (.text:Power_registerNotify)
                  000147dc    00000028     rf_multiMode_cc26x2.aem4f : RFCC26X2_multiMode.c.cc26x2.ccs.o (.text:RF_calculateDeltaTimeUs)
                  00014804    00000028                               : RFCC26X2_multiMode.c.cc26x2.ccs.o (.text:RF_runScheduleCmd)
                  0001482c    00000028     StackWrapper.a : osal.o (.text)
                  00014854    00000028                    : osal_snv_wrapper.o (.text)
                  0001487c    00000028                    : osal_snv_wrapper.o (.text)
                  000148a4    00000028                    : osal_snv_wrapper.o (.text)
                  000148cc    00000028     drivers_cc26x2.a : PowerCC26X2.oem4f (.text:oscillatorISR)
                  000148f4    00000028                      : NVSCC26XX.oem4f (.text:restoreFlashCache)
                  0001491c    00000028     two_btn_menu.obj (.text:tbm_setItemStatus)
                  00014944    00000026     drivers_cc26x2.a : List.oem4f (.text:List_put)
                  0001496a    00000026                      : List.oem4f (.text:List_putHead)
                  00014990    00000026                      : List.oem4f (.text:List_remove)
                  000149b6    00000026     StackWrapper.a : gattservapp_util.o (.text)
                  000149dc    00000024     driverlib.lib : osc.obj (.text:NOROM_OSCHF_TurnOnXosc)
                  00014a00    00000024     rf_multiMode_cc26x2.aem4f : rfc.c.cc26x2.ccs.o (.text:NOROM_RFCDoorbellSendTo)
                  00014a24    00000024     OneLib.a : gapgattserver.o (.text)
                  00014a48    00000024              : gatt_server.o (.text)
                  00014a6c    00000024              : ll_ae.o (.text)
                  00014a90    00000024     rf_multiMode_cc26x2.aem4f : RFCC26X2_multiMode.c.cc26x2.ccs.o (.text:RF_cmdAlloc)
                  00014ab4    00000024                               : RFCC26X2_multiMode.c.cc26x2.ccs.o (.text:RF_invokeGlobalCallback)
                  00014ad8    00000024     StackWrapper.a : ble_dispatch_lite.o (.text)
                  00014afc    00000024                    : gapbondmgr.o (.text)
                  00014b20    00000024                    : osal.o (.text)
                  00014b44    00000024                    : osal.o (.text)
                  00014b68    00000024                    : osal_timers.o (.text)
                  00014b8c    00000024                    : osal_timers.o (.text)
                  00014bb0    00000024     drivers_cc26x2.a : PowerCC26X2_calibrateRCOSC.oem4f (.text:getTdcSemaphore)
                  00014bd4    00000024     rtsv7M4_T_le_v4SPD16_eabi.lib : memcmp.c.obj (.text:memcmp)
                  00014bf8    00000024     simple_central_app_pem4f.oem4f (.text:ti_sysbios_BIOS_registerRTSLock__I)
                  00014c1c    00000024     simple_central_app_pem4f.oem4f (.text:ti_sysbios_BIOS_removeRTSLock__I)
                  00014c40    00000024     simple_central_app_pem4f.oem4f (.text:ti_sysbios_gates_GateMutexPri_Object__delete__S)
                  00014c64    00000024     simple_central_app_pem4f.oem4f (.text:ti_sysbios_heaps_HeapCallback_Object__delete__S)
                  00014c88    00000022     drivers_cc26x2.a : CryptoUtils.oem4f (.text:CryptoUtils_buffersMatch)
                  00014caa    00000022     icall.obj (.text:ICall_setTimerMSecs)
                  00014ccc    00000022     drivers_cc26x2.a : List.oem4f (.text:List_get)
                  00014cee    00000022     OneLib.a : gatt_server.o (.text)
                  00014d10    00000020     ti_drivers_config.obj (.text:Board_init)
                  00014d30    00000020     drivers_cc26x2.a : ECDHCC26X2.oem4f (.text:ECDHCC26X2_internalCallbackFxn)
                  00014d50    00000020     dpl_cc26x2.a : HwiP_tirtos.oem4f (.text:HwiP_setFunc)
                  00014d70    00000020     driverlib.lib : chipinfo.obj (.text:NOROM_ChipInfo_GetChipFamily)
                  00014d90    00000020                   : pka.obj (.text:NOROM_PKAClearPkaRam)
                  00014db0    00000020     nvocmp.obj (.text:NVOCMP_readByte$9)
                  00014dd0    00000020     OneLib.a : gattservapp.o (.text)
                  00014df0    00000020              : ll_isr.o (.text)
                  00014e10    00000020              : ll_isr.o (.text)
                  00014e30    00000020              : ll_isr.o (.text)
                  00014e50    00000020              : ll_rat.o (.text)
                  00014e70    00000020              : sm_intpairing.o (.text)
                  00014e90    00000020              : sm_rsppairing.o (.text)
                  00014eb0    00000020     drivers_cc26x2.a : PINCC26XX.oem4f (.text:PINCC26XX_setIoCfgMux)
                  00014ed0    00000020                      : PowerCC26X2.oem4f (.text:Power_unregisterNotify)
                  00014ef0    00000020     rf_multiMode_cc26x2.aem4f : RFCC26X2_multiMode.c.cc26x2.ccs.o (.text:RF_clkPowerUp)
                  00014f10    00000020                               : RFCC26X2_multiMode.c.cc26x2.ccs.o (.text:RF_hwiCpe0ChangePhy)
                  00014f30    00000020                               : RFCC26X2_multiMode.c.cc26x2.ccs.o (.text:RF_isStateTransitionAllowed)
                  00014f50    00000020                               : RFCC26X2_multiMode.c.cc26x2.ccs.o (.text:RF_ratIsRunning)
                  00014f70    00000020                               : RFCC26X2_multiMode.c.cc26x2.ccs.o (.text:RF_setTxPower)
                  00014f90    00000020     simple_central.obj (.text:SimpleCentral_doDisconnect)
                  00014fb0    00000020     simple_central.obj (.text:SimpleCentral_getConnAddrStr$4)
                  00014fd0    00000020     simple_central.obj (.text:SimpleCentral_getConnIndex$4)
                  00014ff0    00000020     StackWrapper.a : osal_cbtimer.o (.text)
                  00015010    00000020                    : osal_snv_wrapper.o (.text)
                  00015030    00000020     crc.obj (.text:crc_update)
                  00015050    00000020     drivers_cc26x2.a : UARTCC26XX.oem4f (.text:threadSafeStdbyDisRelease)
                  00015070    00000020                      : UARTCC26XX.oem4f (.text:threadSafeStdbyDisSet)
                  00015090    00000020     simple_central_app_pem4f.oem4f (.text:ti_sysbios_BIOS_rtsLock__I)
                  000150b0    0000001e     OneLib.a : hci_data.o (.text)
                  000150ce    0000001e     drivers_cc26x2.a : PINCC26XX.oem4f (.text:PIN_close)
                  000150ec    0000001e                      : PowerCC26X2.oem4f (.text:Power_getTransitionLatency)
                  0001510a    0000001e     StackWrapper.a : osal.o (.text)
                  00015128    0000001e                    : osal.o (.text)
                  00015146    00000002     --HOLE-- [fill = 0]
                  00015148    0000001c     icall.obj (.text:ICall_mallocLimited)
                  00015164    0000001c     icall.obj (.text:ICall_primRepostSync$14)
                  00015180    0000001c     driverlib.lib : flash.obj (.text:NOROM_FlashProgram)
                  0001519c    0000001c                   : flash.obj (.text:NOROM_FlashSectorErase)
                  000151b8    0000001c     nvocmp.obj (.text:NVOCMP_writeByte$9)
                  000151d4    0000001c     drivers_cc26x2.a : NVSCC26XX.oem4f (.text:NVSCC26XX_getAttrs)
                  000151f0    0000001c                      : NVSCC26XX.oem4f (.text:NVSCC26XX_lock)
                  0001520c    0000001c     OneLib.a : ll_ae.o (.text)
                  00015228    0000001c              : sm_pairing.o (.text)
                  00015244    0000001c     drivers_cc26x2.a : PINCC26XX.oem4f (.text:PIN_hwi)
                  00015260    0000001c     dpl_cc26x2.a : PowerCC26X2_tirtos.oem4f (.text:PowerCC26XX_schedulerDisable)
                  0001527c    0000001c                  : PowerCC26X2_tirtos.oem4f (.text:PowerCC26XX_schedulerRestore)
                  00015298    0000001c     rf_multiMode_cc26x2.aem4f : RFCC26X2_multiMode.c.cc26x2.ccs.o (.text:RF_clkInactivityCallback)
                  000152b4    0000001c                               : RFCC26X2_multiMode.c.cc26x2.ccs.o (.text:RF_getPAOverrideOffsetAndValue)
                  000152d0    0000001c                               : RFCC26X2_multiMode.c.cc26x2.ccs.o (.text:RF_getRssi)
                  000152ec    0000001c                               : RFCC26X2_multiMode.c.cc26x2.ccs.o (.text:RF_powerConstraintSet)
                  00015308    0000001c     StackWrapper.a : hal_assert.o (.text)
                  00015324    0000001c                    : osal.o (.text)
                  00015340    0000001c                    : osal.o (.text)
                  0001535c    0000001c                    : osal_timers.o (.text)
                  00015378    0000001a     icall.obj (.text:ICall_enterCSImpl)
                  00015392    0000001a     OneLib.a : hci.o (.text)
                  000153ac    0000001a     drivers_cc26x2.a : PowerCC26X2.oem4f (.text:PowerCC26XX_calibrate)
                  000153c6    0000001a     StackWrapper.a : osal_list.o (.text)
                  000153e0    0000001a     dpl_cc26x2.a : SystemP_tirtos.oem4f (.text:SystemP_snprintf)
                  000153fa    00000002     --HOLE-- [fill = 0]
                  000153fc    00000018     drivers_cc26x2.a : CryptoResourceCC26XX.oem4f (.text:CryptoResourceCC26XX_acquireLock)
                  00015414    00000018                      : CryptoUtils.oem4f (.text:CryptoUtils_reverseBufferBytewise)
                  0001542c    00000018                      : ECDHCC26X2.oem4f (.text:ECDHCC26X2_getPublicKeyResultMontgomery)
                  00015444    00000018                      : ECDHCC26X2.oem4f (.text:ECDHCC26X2_waitForAccess)
                  0001545c    00000018     driverlib.lib : chipinfo.obj (.text:NOROM_ChipInfo_GetPackageType)
                  00015474    00000018     nvocmp.obj (.text:NVOCMP_expectCompApi$9)
                  0001548c    00000018     nvocmp.obj (.text:NVOCMP_restoreCache$9)
                  000154a4    00000018     OneLib.a : ll.o (.text)
                  000154bc    00000018              : ll_access_address.o (.text)
                  000154d4    00000018              : ll_common.o (.text)
                  000154ec    00000018     drivers_cc26x2.a : PowerCC26X2.oem4f (.text:Power_idleFunc)
                  00015504    00000018     rf_multiMode_cc26x2.aem4f : RFCC26X2_multiMode.c.cc26x2.ccs.o (.text:RF_cancelCmd)
                  0001551c    00000018                               : RFCC26X2_multiMode.c.cc26x2.ccs.o (.text:RF_swiFsm)
                  00015534    00000018     StackWrapper.a : ble_dispatch_lite.o (.text)
                  0001554c    00000018                    : osal.o (.text)
                  00015564    00000018                    : osal.o (.text)
                  0001557c    00000018                    : osal.o (.text)
                  00015594    00000018                    : osal_pwrmgr.o (.text)
                  000155ac    00000018     dpl_cc26x2.a : SwiP_tirtos.oem4f (.text:SwiP_setPriority)
                  000155c4    00000018     drivers_cc26x2.a : TRNGCC26XX.oem4f (.text:TRNGCC26XX_startJob)
                  000155dc    00000018                      : UART.oem4f (.text:UART_Params_init)
                  000155f4    00000018     rtsv7M4_T_le_v4SPD16_eabi.lib : args_main.c.obj (.text:_args_main)
                  0001560c    00000018                                   : ll_mul_t2.asm.obj (.text)
                  00015624    00000018     drivers_cc26x2.a : PowerCC26X2.oem4f (.text:switchToTCXO)
                  0001563c    00000018     simple_central_app_pem4f.oem4f (.text:ti_sysbios_BIOS_rtsUnlock__I)
                  00015654    00000018     simple_central_app_pem4f.oem4f (.text:xdc_runtime_Startup_exec__I)
[...]
20001094  scTask                                                          
20001168  scTaskStack                                                     
20001568  PowerCC26X2_module                                              
200016d8  ROM_stateStruct                                                 
200016d8  ti_sysbios_knl_Clock_Module__state__V                           
20001704  ti_sysbios_family_arm_cc26xx_TimestampProvider_Module__state__V 
20001708  xdc_runtime_Startup_Module__state__V                            
20001710  xdc_runtime_Registry_Module__state__V                           
20001718  ti_sysbios_BIOS_Module__state__V                                
2000173c  ti_sysbios_knl_Swi_Module__state__V                             
20001758  ti_sysbios_knl_Task_Module__state__V                            
2000179c  xdc_runtime_Memory_Module__state__V                             
200017a0  xdc_runtime_System_Module__state__V                             
200017a8  ti_sysbios_family_arm_m3_Hwi_Module__state__V                   
200017dc  ti_sysbios_family_arm_cc26xx_Timer_Module__state__V             
200018d8  gapAttrTbl                                                      
2000198c  ICall_enterCriticalSection                                      
20001990  ICall_leaveCriticalSection                                      
20001994  ICall_dispatcher                                                
200019a8  heapmgrMemFreeTotal                                             
200019b4  HEAPMGR_SIZE                                                    
20001a26  gAction                                                         
20001a27  NVOCMP_size                                                     
20001a54  NVOCMP_nvHandle                                                 
20001a84  llUserConfig                                                    
20001ae4  pOverrides_bleCommon                                            
20001b38  txPowerTable_2400_pa5                                           
20001b88  ti_sysbios_knl_Task_Object__table__V                            
20001bd8  appKeyChangeHandler                                             
20001bdc  hKeyPins                                                        
20001be0  keyPinsCfg                                                      
20001bec  keyPins                                                         
20001c1c  patchedMasterCtrlPktList                                        
20001c20  ti_sysbios_family_arm_cc26xx_Timer_Object__table__V             
20001c68  gattAttrTbl                                                     
20001ca8  eccParams_NISTP256                                              
20001ce8  nvintfFncStruct                                                 
20001d24  ti_sysbios_gates_GateMutex_Object__table__V                     
20001d5c  ti_sysbios_knl_Swi_Module_State_0_readyQ__A                     
20001d8c  ti_sysbios_knl_Swi_Object__table__V                             
20001dbc  ti_sysbios_knl_Task_Module_State_0_readyQ__A                    
20001dec  pairMode                                                        
20001ded  mitm                                                            
20001dee  ioCap                                                           
20001def  bonding                                                         
20001df0  secureConnection                                                
20001df1  autoSyncWL                                                      
20001df2  eccReGenPolicy                                                  
20001df3  KeySize                                                         
20001df4  removeLRUBond                                                   
20001df5  bondFailAction                                                  
20001df6  KeyDistList                                                     
20001df7  eccDebugKeys                                                    
20001df8  eraseBondWhileInConn                                            
20001dfc  pRandomAddress                                                  
20001e00  attDeviceName                                                   
20001e18  _hposcCoeffs                                                    
20001e3c  halAssertCback                                                  
20001e60  ti_sysbios_knl_Clock_Object__table__V                           
20001e80  xdc_runtime_Error_IgnoreBlock                                   
20001ea0  ti_sysbios_family_arm_m3_Hwi_Object__table__V                   
20001eb8  tbmRowItemLast                                                  
20001ecc  gattAttrTbl_gatt_no_service_changed                             
20001edc  rfMode                                                          
20001eec  sizeInfo                                                        
20001f0c  bleAppServiceInfoTable                                          
20001f1c  pfnBMAlloc                                                      
20001f20  pfnBMFree                                                       
20001f24  pRfErrCb                                                        
20001f28  lastAppOpcodeIdxSent                                            
20001f2c  pOverrides_ble2Mbps                                             
20001f3c  pOverrides_bleCoded                                             
20001f4c  user0Cfg                                                        
20001f5c  pOverrides_ble1Mbps                                             
20001f68  ti_sysbios_heaps_HeapCallback_Object__table__V                  
20001f7c  bleUserCfg_maxPduSize                                           
20001f80  appAssertCback                                                  
20001f84  _lock                                                           
20001f88  _unlock                                                         
20001f8c  periConnParameters                                              
20001f94  pinUpperBound                                                   
20001f98  pinLowerBound                                                   
20001fa4  ti_sysbios_family_arm_m3_Hwi_Module__root__V                    
20001fac  ti_sysbios_gates_GateHwi_Module__root__V                        
20001fb4  ti_sysbios_gates_GateMutexPri_Module__root__V                   
20001fbc  ti_sysbios_gates_GateMutex_Module__root__V                      
20001fc4  ti_sysbios_hal_Hwi_Module__root__V                              
20001fcc  ti_sysbios_heaps_HeapCallback_Module__root__V                   
20001fd4  ti_sysbios_heaps_HeapMem_Module__root__V                        
20001fdc  ti_sysbios_knl_Clock_Module__root__V                            
20001fe4  ti_sysbios_knl_Event_Module__root__V                            
20001fec  ti_sysbios_knl_Mailbox_Module__root__V                          
20001ff4  ti_sysbios_knl_Queue_Module__root__V                            
20001ffc  ti_sysbios_knl_Semaphore_Module__root__V                        
20002004  ti_sysbios_knl_Swi_Module__root__V                              
2000200c  ti_sysbios_knl_Task_Module__root__V                             
20002014  icallServiceTblPtr                                              
20002018  main_func_sp                                                    
2000201c  ti_sysbios_family_arm_m3_Hwi_Module_State_0_excContext__A       
20002020  ti_sysbios_family_arm_m3_Hwi_Module_State_0_excStack__A         
20002024  ti_sysbios_knl_Task_Module_State_0_idleTask__A                  
20002028  llUserConfig_maxPduSize                                         
2000202a  baseTaskID                                                      
2000202c  CryptoResourceCC26XX_pollingFlag                                
2000202e  PKAResourceCC26XX_pollingFlag                                   
20002032  ti_sysbios_family_arm_m3_Hwi_Module_State_0_excActive__A        
20002034  deviceNameCharProps                                             
20002035  appearanceCharProps                                             
20002036  periConnParamCharProps                                          
20002037  centAddrResCharProps                                            
20002038  centAddrRes                                                     
20002039  resolvablePrivateAddressOnlyCharProps                           
2000203a  GATTServApp_gatt_no_service_changed                             
2000203c  extScanChanMap                                                  
2000203d  sizeOfAllExtConnParam                                           
2000203e  rfRatHandle                                                     
2000203f  gapEndAppTaskID                                                 
20002040  gapAppTaskID                                                    
20002041  legacyMode                                                      
20002540  ti_sysbios_knl_Task_Instance_State_0_stack__A                   
20002840  uartCC26XXObjects                                               
200029f4  ti_sysbios_family_arm_m3_Hwi_dispatchTable                      
20002acc  scMenuMain                                                      
20002ae0  scMenuConnect                                                   
20002af4  scMenuScanPhy                                                   
20002b08  scMenuConnPhy                                                   
20002b1c  scMenuSelectConn                                                
20002b30  scMenuPerConn                                                   
20002b44  scMenuAutoConnect                                               
20002b58  scMenuGattWrite                                                 
20002b6c  scMenuNotificationSwitch                                        
20002c00  trngCC26XXObjects                                               
20002c80  pinHandleTable                                                  
20002cfc  cbTimers                                                        
20002d74  aesctrdrbgXXObjects                                             
20002e1c  CryptoResourceCC26XX_accessSemaphore                            
20002e6c  CryptoResourceCC26XX_operationSemaphore                         
20002ebc  PKAResourceCC26XX_accessSemaphore                               
20002f0c  PKAResourceCC26XX_operationSemaphore                            
20002f5c  nvFptrs                                                         
20002fcc  req                                                             
20002fec  llCteSamples                                                    
2000300c  gapBond_remoteOobData                                           
2000302c  gapBond_localOobData                                            
2000308c  ecdhCC26X2Objects                                               
20003100  CryptoResourceCC26XX_hwi                                        
2000311c  PKAResourceCC26XX_hwi                                           
20003138  deviceName                                                      
20003150  llCoex                                                          
20003168  aesccmCC26XXObjects                                             
20003180  aesctrCC26XXObjects                                             
20003198  aesecbCC26XXObjects                                             
200031e8  llCteTest                                                       
200031f4  cteAntennaProp                                                  
20003200  llTaskList                                                      
20003218  displayUartObject                                               
20003224  secondaryAdvChannelMap                                          
2000322c  ggs_AppCBs                                                      
20003234  LSTORecoveryArr                                                 
20003238  llCte                                                           
2000323c  extStackSettings                                                
20003240  llConnExtParam                                                  
20003244  trngHandle                                                      
20003248  pNextAdvSet                                                     
2000324c  llCurrentMappedChan                                             
20003250  drbgHandle                                                      
20003254  pRpaCfg                                                         
20003258  gapBond_lruBondList                                             
2000325c  gapBondStateNodeHead                                            
20003260  osal_syncHandle                                                 
20003264  osal_tickperiod                                                 
20003268  osal_max_msecs                                                  
2000326c  osal_icallMsg_hook                                              
20003270  osal_qHead                                                      
20003274  osal_eventloop_hook                                             
20003280  OSAL_timeSeconds                                                
20003284  timerHead                                                       
2000328c  osal_last_timestamp                                             
20003298  PowerCC26XX_swiKey                                              
2000329c  PowerCC26XX_taskKey                                             
200032a0  nvsCC26XXObjects                                                
200032a4  tasksEvents                                                     
200032a8  appearance                                                      
200032aa  maximumPduSize                                                  
200032ac  pwrmgr_attribute                                                
200032ae  resolvablePrivateAddressOnly                                    
200032af  GATTServApp_att_delayed_req                                     
200032b0  hciTaskID                                                       
200032b1  hciL2capTaskID                                                  
200032b2  hciGapTaskID                                                    
200032b3  hciSmpTaskID                                                    
200032b4  hciTestTaskID                                                   
200032b5  hciVsEvtMask                                                    
200032b6  scanReqRpt                                                      
200032b7  secondaryAdvChannelMapPopCount                                  
200032b8  numActiveAdvSets                                                
200032b9  wlSize                                                          
200032ba  rlSize                                                          
200032bb  decryptResult                                                   
200032bc  icall_liteTaskId                                                
200032bd  gapBond_removeLRUBond                                           
200032be  gapBond_syncRL                                                  
200032bf  assertSubcause                                                  
200032c0  osal_entity                                                     
200032c1  pwrmgr_initialized                                              
200032c3  driverlib_release_0_58048                                       
200032c4  heapStart                                                       
20013c00  __stack                                                         
20013c00  heapEnd                                                         
20014000  __STACK_END                                                     
20014000  __STACK_TOP                                                     
20014000  __UNUSED_SRAM_end__                                             
e000e000  ti_sysbios_family_arm_m3_Hwi_nvic                               
ffffffff  __TI_pprof_out_hndl                                             
ffffffff  __TI_prof_data_size                                             
ffffffff  __TI_prof_data_start                                            
ffffffff  __binit__                                                       
ffffffff  __c_args__                                                      
ffffffff  binit                                                           
UNDEFED   ITM_flush                                                       
UNDEFED   ITM_restore                                                     
UNDEFED   SHT$$INIT_ARRAY$$Base                                           
UNDEFED   SHT$$INIT_ARRAY$$Limit                                          
UNDEFED   ti_sysbios_family_arm_cc26xx_Boot_trimDevice                    
UNDEFED   ti_sysbios_family_arm_cc26xx_Timer_dynamicStub__E               
UNDEFED   ti_sysbios_family_arm_cc26xx_Timer_getCount64__E                
UNDEFED   ti_sysbios_family_arm_cc26xx_Timer_getCurrentTick__E            
UNDEFED   ti_sysbios_family_arm_cc26xx_Timer_getMaxTicks__E               
UNDEFED   ti_sysbios_family_arm_cc26xx_Timer_initDevice__I                
UNDEFED   ti_sysbios_family_arm_cc26xx_Timer_setNextTick__E               
UNDEFED   ti_sysbios_family_arm_cc26xx_Timer_setThreshold__I              
UNDEFED   ti_sysbios_family_arm_cc26xx_Timer_start__E                     
UNDEFED   ti_sysbios_family_arm_cc26xx_TimestampProvider_get32__E         
UNDEFED   ti_sysbios_family_arm_m3_Hwi_construct2__E                      
UNDEFED   ti_sysbios_family_arm_m3_Hwi_post__E                            
UNDEFED   ti_sysbios_family_arm_m3_Hwi_setFunc__E                         
UNDEFED   ti_sysbios_gates_GateMutexPri_Instance_finalize__E              
UNDEFED   ti_sysbios_gates_GateMutexPri_Instance_init__E                  
UNDEFED   ti_sysbios_gates_GateMutexPri_enter__E                          
UNDEFED   ti_sysbios_gates_GateMutexPri_leave__E                          
UNDEFED   ti_sysbios_gates_GateMutexPri_query__E                          
UNDEFED   ti_sysbios_heaps_HeapCallback_Instance_finalize__E              
UNDEFED   ti_sysbios_heaps_HeapCallback_Instance_init__E                  
UNDEFED   ti_sysbios_heaps_HeapCallback_Module_startup__E                 
UNDEFED   ti_sysbios_heaps_HeapCallback_alloc__E                          
UNDEFED   ti_sysbios_heaps_HeapCallback_free__E                           
UNDEFED   ti_sysbios_heaps_HeapCallback_getStats__E                       
UNDEFED   ti_sysbios_heaps_HeapCallback_isBlocking__E                     
UNDEFED   ti_sysbios_knl_Clock_getTicksUntilInterrupt__E                  
UNDEFED   ti_sysbios_knl_Clock_getTimeout__E                              
UNDEFED   ti_sysbios_knl_Clock_isActive__E                                
UNDEFED   ti_sysbios_knl_Swi_construct2__E                                
UNDEFED   ti_sysbios_knl_Swi_getTrigger__E                                
UNDEFED   ti_sysbios_knl_Swi_or__E                                        
UNDEFED   ti_sysbios_knl_Swi_setPri__E                                    
UNDEFED   xdc_runtime_Error_init__E                                       
UNDEFED   xdc_runtime_SysCallback_defaultAbort                            
UNDEFED   xdc_runtime_SysCallback_defaultExit                             
UNDEFED   xdc_runtime_SysCallback_defaultFlush                            
UNDEFED   xdc_runtime_SysCallback_defaultPutch                            
UNDEFED   xdc_runtime_SysCallback_defaultReady                            
UNDEFED   xdc_runtime_System_formatNum__I                                 

[2859 symbols]
